 callback_addon

 Timestamp is 5b86ab08 (Wed Aug 29 16:17:44 2018)

 Preferred load address is 0000000180000000

 Start         Length     Name                   Class
 0001:00000000 0000dab0H .text$mn                CODE
 0001:0000dab0 00000020H .text$mn$00             CODE
 0001:0000dad0 000003d0H .text$x                 CODE
 0002:00000000 00000250H .idata$5                DATA
 0002:00000250 00000010H .00cfg                  DATA
 0002:00000260 00000008H .CRT$XCA                DATA
 0002:00000268 00000008H .CRT$XCU                DATA
 0002:00000270 00000008H .CRT$XCZ                DATA
 0002:00000278 00000008H .CRT$XIA                DATA
 0002:00000280 00000018H .CRT$XIC                DATA
 0002:00000298 00000008H .CRT$XIZ                DATA
 0002:000002a0 00000008H .CRT$XPA                DATA
 0002:000002a8 00000010H .CRT$XPX                DATA
 0002:000002b8 00000008H .CRT$XPXA               DATA
 0002:000002c0 00000008H .CRT$XPZ                DATA
 0002:000002c8 00000008H .CRT$XTA                DATA
 0002:000002d0 00000010H .CRT$XTZ                DATA
 0002:000002d8 00000000H .gfids$y                DATA
 0002:000002e0 00007380H .rdata                  DATA
 0002:00007660 0000016cH .rdata$r                DATA
 0002:000077cc 000003acH .rdata$zzzdbg           DATA
 0002:00007b78 00000008H .rtc$IAA                DATA
 0002:00007b80 00000008H .rtc$IZZ                DATA
 0002:00007b88 00000008H .rtc$TAA                DATA
 0002:00007b90 00000008H .rtc$TZZ                DATA
 0002:00007b98 00000dc0H .xdata                  DATA
 0002:00008958 00000084H .xdata$x                DATA
 0002:000089dc 00000020H .didat$2                DATA
 0002:000089fc 00000024H .didat$3                DATA
 0002:00008a20 00000060H .didat$4                DATA
 0002:00008a80 000002e0H .didat$6                DATA
 0002:00008d60 00000060H .didat$7                DATA
 0002:00008dc0 00000060H .edata                  DATA
 0002:00008e20 00000014H .idata$2                DATA
 0002:00008e34 00000014H .idata$3                DATA
 0002:00008e48 00000250H .idata$4                DATA
 0002:00009098 0000055eH .idata$6                DATA
 0003:00000000 00000910H .data                   DATA
 0003:00000910 00000070H .data$r                 DATA
 0003:00000980 00000060H .didat$5                DATA
 0003:000009e0 00001200H .bss                    DATA
 0004:00000000 00001044H .pdata                  DATA
 0005:00000000 00000060H .rsrc$01                DATA
 0005:00000060 00000180H .rsrc$02                DATA

  Address         Publics by Value              Rva+Base               Lib:Object

 0000:00000000       __hybrid_code_map_count    0000000000000000     <absolute>
 0000:00000000       __hybrid_code_map          0000000000000000     <absolute>
 0000:00000000       __guard_iat_count          0000000000000000     <absolute>
 0000:00000000       __volatile_metadata        0000000000000000     <absolute>
 0000:00000000       __guard_longjmp_count      0000000000000000     <absolute>
 0000:00000000       __guard_longjmp_table      0000000000000000     <absolute>
 0000:00000000       __guard_iat_table          0000000000000000     <absolute>
 0000:00000000       __guard_fids_count         0000000000000000     <absolute>
 0000:00000000       ___safe_se_handler_count   0000000000000000     <absolute>
 0000:00000000       __enclave_config           0000000000000000     <absolute>
 0000:00000000       ___safe_se_handler_table   0000000000000000     <absolute>
 0000:00000000       __guard_fids_table         0000000000000000     <absolute>
 0000:00000000       __hybrid_auxiliary_iat     0000000000000000     <absolute>
 0000:00000000       __dynamic_value_reloc_table 0000000000000000     <absolute>
 0000:00000100       __guard_flags              0000000000000100     <absolute>
 0000:00000000       __ImageBase                0000000180000000     <linker-defined>
 0001:00000000       ?Method@@YAXAEBV?$FunctionCallbackInfo@VValue@v8@@@v8@@@Z 0000000180001000 f   callback.obj
 0001:00000060       ?init@@YAXV?$Local@VObject@v8@@@v8@@@Z 0000000180001060 f   callback.obj
 0001:0000019c       __imp_load_?GetCurrent@Isolate@v8@@SAPEAV12@XZ 000000018000119c f   node:node.exe
 0001:000001a8       __tailMerge_node_exe       00000001800011a8     node:node.exe
 0001:00000221       __imp_load_??1HandleScope@v8@@QEAA@XZ 0000000180001221 f   node:node.exe
 0001:0000022d       __imp_load_??0HandleScope@v8@@QEAA@PEAVIsolate@1@@Z 000000018000122d f   node:node.exe
 0001:00000239       __imp_load_?GetFunction@FunctionTemplate@v8@@QEAA?AV?$Local@VFunction@v8@@@2@XZ 0000000180001239 f   node:node.exe
 0001:00000245       __imp_load_?New@FunctionTemplate@v8@@SA?AV?$Local@VFunctionTemplate@v8@@@2@PEAVIsolate@2@P6AXAEBV?$FunctionCallbackInfo@VValue@v8@@@2@@ZV?$Local@VValue@v8@@@2@V?$Local@VSignature@v8@@@2@HW4ConstructorBehavior@2@W4SideEffectType@2@@Z 0000000180001245 f   node:node.exe
 0001:00000251       __imp_load_?ToLocalEmpty@V8@v8@@CAXXZ 0000000180001251 f   node:node.exe
 0001:0000025d       __imp_load_?NewFromUtf8@String@v8@@SA?AV?$MaybeLocal@VString@v8@@@2@PEAVIsolate@2@PEBDW4NewStringType@2@H@Z 000000018000125d f   node:node.exe
 0001:00000269       __imp_load_?Set@Object@v8@@QEAA_NV?$Local@VValue@v8@@@2@0@Z 0000000180001269 f   node:node.exe
 0001:00000275       __imp_load_?SetName@Function@v8@@QEAAXV?$Local@VString@v8@@@2@@Z 0000000180001275 f   node:node.exe
 0001:00000281       __imp_load_?Call@Function@v8@@QEAA?AV?$Local@VValue@v8@@@2@V32@HQEAV32@@Z 0000000180001281 f   node:node.exe
 0001:0000028d       __imp_load_node_module_register 000000018000128d f   node:node.exe
 0001:000002b0       __security_check_cookie    00000001800012b0 f   LIBCMT:_amdsecgs_.obj
 0001:00000604       _DllMainCRTStartup         0000000180001604 f   LIBCMT:dll_dllmain.obj
 0001:00000644       __raise_securityfailure    0000000180001644 f   LIBCMT:gs_report.obj
 0001:00000678       __report_gsfailure         0000000180001678 f   LIBCMT:gs_report.obj
 0001:0000074c       __report_rangecheckfailure 000000018000174c f   LIBCMT:gs_report.obj
 0001:00000760       __report_securityfailure   0000000180001760 f   LIBCMT:gs_report.obj
 0001:000008e0       __security_init_cookie     00000001800018e0 f   LIBCMT:gs_support.obj
 0001:0000098c       _get_startup_argv_mode     000000018000198c f   LIBCMT:argv_mode.obj
 0001:0000098c       DllMain                    000000018000198c f   LIBCMT:dll_dllmain_stub.obj
 0001:00000994       ?__scrt_initialize_type_info@@YAXXZ 0000000180001994 f   LIBCMT:tncleanup.obj
 0001:000009a4       ?__scrt_uninitialize_type_info@@YAXXZ 00000001800019a4 f   LIBCMT:tncleanup.obj
 0001:000009b0       __local_stdio_printf_options 00000001800019b0 f i LIBCMT:default_local_stdio_options.obj
 0001:000009b8       __local_stdio_scanf_options 00000001800019b8 f i LIBCMT:default_local_stdio_options.obj
 0001:000009c0       __scrt_initialize_default_local_stdio_options 00000001800019c0 f   LIBCMT:default_local_stdio_options.obj
 0001:000009dc       __scrt_acquire_startup_lock 00000001800019dc f   LIBCMT:utility.obj
 0001:00000a18       __scrt_dllmain_after_initialize_c 0000000180001a18 f   LIBCMT:utility.obj
 0001:00000a4c       __scrt_dllmain_before_initialize_c 0000000180001a4c f   LIBCMT:utility.obj
 0001:00000a64       __scrt_dllmain_crt_thread_attach 0000000180001a64 f   LIBCMT:utility.obj
 0001:00000a8c       __scrt_dllmain_crt_thread_detach 0000000180001a8c f   LIBCMT:utility.obj
 0001:00000aa4       __scrt_dllmain_exception_filter 0000000180001aa4 f   LIBCMT:utility.obj
 0001:00000b04       __scrt_dllmain_uninitialize_c 0000000180001b04 f   LIBCMT:utility.obj
 0001:00000b34       __scrt_dllmain_uninitialize_critical 0000000180001b34 f   LIBCMT:utility.obj
 0001:00000b48       __scrt_initialize_crt      0000000180001b48 f   LIBCMT:utility.obj
 0001:00000b94       __scrt_initialize_onexit_tables 0000000180001b94 f   LIBCMT:utility.obj
 0001:00000c6c       __scrt_is_nonwritable_in_current_image 0000000180001c6c f   LIBCMT:utility.obj
 0001:00000d08       __scrt_release_startup_lock 0000000180001d08 f   LIBCMT:utility.obj
 0001:00000d2c       __scrt_uninitialize_crt    0000000180001d2c f   LIBCMT:utility.obj
 0001:00000d58       __scrt_get_dyn_tls_init_callback 0000000180001d58 f   LIBCMT:dyn_tls_init.obj
 0001:00000d60       __crt_debugger_hook        0000000180001d60 f   LIBCMT:utility_desktop.obj
 0001:00000d68       __scrt_fastfail            0000000180001d68 f   LIBCMT:utility_desktop.obj
 0001:00000eb4       _RTC_Initialize            0000000180001eb4 f   LIBCMT:_initsect_.obj
 0001:00000ef0       _RTC_Terminate             0000000180001ef0 f   LIBCMT:_initsect_.obj
 0001:00000f2c       _guard_check_icall_nop     0000000180001f2c f i LIBCMT:guard_support.obj
 0001:00000f30       __isa_available_init       0000000180001f30 f   LIBCMT:_cpu_disp_.obj
 0001:000010ec       __scrt_is_ucrt_dll_in_use  00000001800020ec f   LIBCMT:ucrt_detection.obj
 0001:00001100       __C_specific_handler       0000000180002100 f   libvcruntime:_riscchandler_.obj
 0001:0000130c       __std_type_info_compare    000000018000230c f   libvcruntime:std_type_info.obj
 0001:00001334       __std_type_info_destroy_list 0000000180002334 f   libvcruntime:std_type_info.obj
 0001:00001360       __vcrt_initialize          0000000180002360 f   libvcruntime:initialization.obj
 0001:00001394       __vcrt_thread_attach       0000000180002394 f   libvcruntime:initialization.obj
 0001:000013a8       __vcrt_thread_detach       00000001800023a8 f   libvcruntime:initialization.obj
 0001:000013bc       __vcrt_uninitialize        00000001800023bc f   libvcruntime:initialization.obj
 0001:000013dc       __vcrt_uninitialize_critical 00000001800023dc f   libvcruntime:initialization.obj
 0001:00001400       memset_repmovs             0000000180002400 f   libvcruntime:memset.obj
 0001:00001420       memset                     0000000180002420 f   libvcruntime:memset.obj
 0001:000015c0       _NLG_Notify                00000001800025c0 f   libvcruntime:_notify_.obj
 0001:000015e0       __NLG_Dispatch2            00000001800025e0 f   libvcruntime:_notify_.obj
 0001:000015f0       __NLG_Return2              00000001800025f0 f   libvcruntime:_notify_.obj
 0001:000015f4       __except_validate_context_record 00000001800025f4 f   libvcruntime:jbcxrval.obj
 0001:0000162c       __DestructExceptionObject  000000018000262c f   libvcruntime:ehhelpers.obj
 0001:000016a0       ?_CallMemberFunction0@@YAXQEAX0@Z 00000001800026a0 f i libvcruntime:ehhelpers.obj
 0001:000016a4       _IsExceptionObjectToBeDestroyed 00000001800026a4 f   libvcruntime:ehhelpers.obj
 0001:000016d4       __AdjustPointer            00000001800026d4 f   libvcruntime:ehhelpers.obj
 0001:000016f8       __FrameUnwindFilter        00000001800026f8 f   libvcruntime:ehhelpers.obj
 0001:00001744       __vcrt_freefls             0000000180002744 f   libvcruntime:per_thread_data.obj
 0001:00001764       __vcrt_freeptd             0000000180002764 f   libvcruntime:per_thread_data.obj
 0001:000017b4       __vcrt_getptd              00000001800027b4 f   libvcruntime:per_thread_data.obj
 0001:000017d0       __vcrt_getptd_noexit       00000001800027d0 f   libvcruntime:per_thread_data.obj
 0001:0000189c       __vcrt_initialize_ptd      000000018000289c f   libvcruntime:per_thread_data.obj
 0001:000018f0       __vcrt_uninitialize_ptd    00000001800028f0 f   libvcruntime:per_thread_data.obj
 0001:00001914       __vcrt_initialize_locks    0000000180002914 f   libvcruntime:locks.obj
 0001:0000195c       __vcrt_uninitialize_locks  000000018000295c f   libvcruntime:locks.obj
 0001:00001b6c       __vcrt_FlsAlloc            0000000180002b6c f   libvcruntime:winapi_downlevel.obj
 0001:00001bb4       __vcrt_FlsFree             0000000180002bb4 f   libvcruntime:winapi_downlevel.obj
 0001:00001bfc       __vcrt_FlsGetValue         0000000180002bfc f   libvcruntime:winapi_downlevel.obj
 0001:00001c44       __vcrt_FlsSetValue         0000000180002c44 f   libvcruntime:winapi_downlevel.obj
 0001:00001c98       __vcrt_InitializeCriticalSectionEx 0000000180002c98 f   libvcruntime:winapi_downlevel.obj
 0001:00001cfc       __vcrt_initialize_winapi_thunks 0000000180002cfc f   libvcruntime:winapi_downlevel.obj
 0001:00001d2c       __vcrt_uninitialize_winapi_thunks 0000000180002d2c f   libvcruntime:winapi_downlevel.obj
 0001:00001d6c       __vcrt_initialize_pure_virtual_call_handler 0000000180002d6c f   libvcruntime:purevirt_data.obj
 0001:00001d7c       ??$_CallSETranslator@V__FrameHandler3@@@@YAHPEAUEHExceptionRecord@@PEA_KPEAU_CONTEXT@@PEAU_xDISPATCHER_CONTEXT@@PEBU_s_FuncInfo@@K1@Z 0000000180002d7c f i libvcruntime:risctrnsctrl.obj
 0001:00001dd0       ?CatchTryBlock@__FrameHandler3@@SAPEBU_s_TryBlockMapEntry@@PEBU_s_FuncInfo@@H@Z 0000000180002dd0 f   libvcruntime:risctrnsctrl.obj
 0001:00001e28       ?ExecutionInCatch@__FrameHandler3@@SA_NPEAU_xDISPATCHER_CONTEXT@@PEBU_s_FuncInfo@@@Z 0000000180002e28 f   libvcruntime:risctrnsctrl.obj
 0001:00001e54       ?FrameUnwindToEmptyState@__FrameHandler3@@SAXPEA_KPEAU_xDISPATCHER_CONTEXT@@PEBU_s_FuncInfo@@@Z 0000000180002e54 f   libvcruntime:risctrnsctrl.obj
 0001:00001eb8       ?GetEstablisherFrame@__FrameHandler3@@SAPEA_KPEA_KPEAU_xDISPATCHER_CONTEXT@@PEBU_s_FuncInfo@@0@Z 0000000180002eb8 f   libvcruntime:risctrnsctrl.obj
 0001:00001f84       ?GetRangeOfTrysToCheck@__FrameHandler3@@SA?AU?$pair@Viterator@TryBlockMap@__FrameHandler3@@V123@@std@@AEAVTryBlockMap@1@HH@Z 0000000180002f84 f   libvcruntime:risctrnsctrl.obj
 0001:000020e0       ?UnwindNestedFrames@__FrameHandler3@@SAXPEA_KPEAUEHExceptionRecord@@PEAU_CONTEXT@@0PEAXPEBU_s_FuncInfo@@HHPEBU_s_HandlerType@@PEAU_xDISPATCHER_CONTEXT@@E@Z 00000001800030e0 f   libvcruntime:risctrnsctrl.obj
 0001:00002204       _CreateFrameInfo           0000000180003204 f   libvcruntime:risctrnsctrl.obj
 0001:00002240       _FindAndUnlinkFrame        0000000180003240 f   libvcruntime:risctrnsctrl.obj
 0001:00002294       _GetImageBase              0000000180003294 f   libvcruntime:risctrnsctrl.obj
 0001:000022a8       _GetThrowImageBase         00000001800032a8 f   libvcruntime:risctrnsctrl.obj
 0001:000022bc       _SetImageBase              00000001800032bc f   libvcruntime:risctrnsctrl.obj
 0001:000022d4       _SetThrowImageBase         00000001800032d4 f   libvcruntime:risctrnsctrl.obj
 0001:000022ec       __CxxFrameHandler3         00000001800032ec f   libvcruntime:risctrnsctrl.obj
 0001:00002380       memcpy_repmovs             0000000180003380 f   libvcruntime:memcpy.obj
 0001:000023a0       memcpy                     00000001800033a0 f   libvcruntime:memcpy.obj
 0001:000023a0       memmove                    00000001800033a0 f   libvcruntime:memcpy.obj
 0001:000027d8       ?GetCurrentState@__FrameHandler3@@SAHPEA_KPEAU_xDISPATCHER_CONTEXT@@PEBU_s_FuncInfo@@@Z 00000001800037d8 f   libvcruntime:ehstate.obj
 0001:00002800       ?GetUnwindTryBlock@__FrameHandler3@@SAHPEA_KPEAU_xDISPATCHER_CONTEXT@@PEBU_s_FuncInfo@@@Z 0000000180003800 f   libvcruntime:ehstate.obj
 0001:0000282c       ?SetState@__FrameHandler3@@SAXPEA_KPEBU_s_FuncInfo@@H@Z 000000018000382c f   libvcruntime:ehstate.obj
 0001:00002838       ?SetUnwindTryBlock@__FrameHandler3@@SAXPEA_KPEAU_xDISPATCHER_CONTEXT@@PEBU_s_FuncInfo@@H@Z 0000000180003838 f   libvcruntime:ehstate.obj
 0001:00002874       ?StateFromControlPc@__FrameHandler3@@SAHPEBU_s_FuncInfo@@PEAU_xDISPATCHER_CONTEXT@@@Z 0000000180003874 f   libvcruntime:ehstate.obj
 0001:0000287c       ?StateFromIp@__FrameHandler3@@SAHPEBU_s_FuncInfo@@PEAU_xDISPATCHER_CONTEXT@@_K@Z 000000018000387c f   libvcruntime:ehstate.obj
 0001:00003308       ??$TypeMatchHelper@$$CBU_s_HandlerType@@@@YAHPEBU_s_HandlerType@@PEBU_s_CatchableType@@PEBU_s_ThrowInfo@@@Z 0000000180004308 f i libvcruntime:frame.obj
 0001:0000344c       ??$__InternalCxxFrameHandler@V__FrameHandler3@@@@YA?AW4_EXCEPTION_DISPOSITION@@PEAUEHExceptionRecord@@PEA_KPEAU_CONTEXT@@PEAU_xDISPATCHER_CONTEXT@@PEBU_s_FuncInfo@@H1E@Z 000000018000444c f i libvcruntime:frame.obj
 0001:00003694       ??0bad_exception@std@@QEAA@AEBV01@@Z 0000000180004694 f i libvcruntime:frame.obj
 0001:000036d4       ??0bad_exception@std@@QEAA@XZ 00000001800046d4 f i libvcruntime:frame.obj
 0001:000036f4       ??0exception@std@@QEAA@AEBV01@@Z 00000001800046f4 f i libvcruntime:frame.obj
 0001:0000372c       ??1bad_exception@std@@UEAA@XZ 000000018000472c f i libvcruntime:frame.obj
 0001:00003740       ??_Gbad_exception@std@@UEAAPEAXI@Z 0000000180004740 f i libvcruntime:frame.obj
 0001:00003740       ??_Eexception@std@@UEAAPEAXI@Z 0000000180004740 f i libvcruntime:frame.obj
 0001:00003740       ??_Ebad_exception@std@@UEAAPEAXI@Z 0000000180004740 f i libvcruntime:frame.obj
 0001:00003740       ??_Gexception@std@@UEAAPEAXI@Z 0000000180004740 f i libvcruntime:frame.obj
 0001:00003784       ?CxxCallCatchBlock@__FrameHandler3@@SAPEAXPEAU_EXCEPTION_RECORD@@@Z 0000000180004784 f   libvcruntime:frame.obj
 0001:000039f8       ?FrameUnwindToState@__FrameHandler3@@SAXPEA_KPEAU_xDISPATCHER_CONTEXT@@PEBU_s_FuncInfo@@H@Z 00000001800049f8 f   libvcruntime:frame.obj
 0001:00003b8c       ?GetHandlerSearchState@__FrameHandler3@@SAHPEA_KPEAU_xDISPATCHER_CONTEXT@@PEBU_s_FuncInfo@@@Z 0000000180004b8c f i libvcruntime:frame.obj
 0001:00003d90       ?_CallMemberFunction1@@YAXQEAX00@Z 0000000180004d90 f i libvcruntime:frame.obj
 0001:00003d9c       ?_CallMemberFunction2@@YAXQEAX00H@Z 0000000180004d9c f i libvcruntime:frame.obj
 0001:00003dac       ?what@exception@std@@UEBAPEBDXZ 0000000180004dac f i libvcruntime:frame.obj
 0001:00003dd0       _CallSettingFrame          0000000180004dd0 f   libvcruntime:handlers.obj
 0001:00003e20       _CallSettingFrameEncoded   0000000180004e20 f   libvcruntime:handlers.obj
 0001:00003e68       __std_exception_copy       0000000180004e68 f   libvcruntime:std_exception.obj
 0001:00003ef8       __std_exception_destroy    0000000180004ef8 f   libvcruntime:std_exception.obj
 0001:00003f20       _CxxThrowException         0000000180004f20 f   libvcruntime:throw.obj
 0001:00003fe0       ??0_LocaleUpdate@@QEAA@QEAU__crt_locale_pointers@@@Z 0000000180004fe0 f i libucrt:stricmp.obj
 0001:0000407c       ??1_LocaleUpdate@@QEAA@XZ  000000018000507c f i libucrt:stricmp.obj
 0001:00004090       __ascii_stricmp            0000000180005090 f   libucrt:stricmp.obj
 0001:000040d0       _stricmp                   00000001800050d0 f   libucrt:stricmp.obj
 0001:00004118       _stricmp_l                 0000000180005118 f   libucrt:stricmp.obj
 0001:000041cc       _initterm                  00000001800051cc f   libucrt:initterm.obj
 0001:00004230       _initterm_e                0000000180005230 f   libucrt:initterm.obj
 0001:00004270       _seh_filter_dll            0000000180005270 f   libucrt:exception_filter.obj
 0001:00004284       _seh_filter_exe            0000000180005284 f   libucrt:exception_filter.obj
 0001:0000467c       __acrt_initialize_thread_local_exit_callback 000000018000567c f   libucrt:exit.obj
 0001:00004684       _cexit                     0000000180005684 f   libucrt:exit.obj
 0001:00004694       _exit                      0000000180005694 f   libucrt:exit.obj
 0001:000046a0       _is_c_termination_complete 00000001800056a0 f   libucrt:exit.obj
 0001:0000486c       __acrt_allocate_buffer_for_argv 000000018000586c f   libucrt:argv_parsing.obj
 0001:000048cc       _configure_narrow_argv     00000001800058cc f   libucrt:argv_parsing.obj
 0001:00004c44       __dcrt_uninitialize_environments_nolock 0000000180005c44 f   libucrt:environment_initialization.obj
 0001:00004c7c       _initialize_narrow_environment 0000000180005c7c f   libucrt:environment_initialization.obj
 0001:00004e0c       _execute_onexit_table      0000000180005e0c f   libucrt:onexit.obj
 0001:00004e48       _initialize_onexit_table   0000000180005e48 f   libucrt:onexit.obj
 0001:00004ec0       __acrt_uninitialize_command_line 0000000180005ec0 f   libucrt:argv_data.obj
 0001:00004fcc       __acrt_initialize          0000000180005fcc f   libucrt:initialization.obj
 0001:00004fe0       __acrt_thread_attach       0000000180005fe0 f   libucrt:initialization.obj
 0001:00004ff4       __acrt_thread_detach       0000000180005ff4 f   libucrt:initialization.obj
 0001:00005004       __acrt_uninitialize        0000000180006004 f   libucrt:initialization.obj
 0001:0000503c       __acrt_uninitialize_critical 000000018000603c f   libucrt:initialization.obj
 0001:0000504c       terminate                  000000018000604c f   libucrt:terminate.obj
 0001:0000506c       free                       000000018000606c f   libucrt:free.obj
 0001:00005080       malloc                     0000000180006080 f   libucrt:malloc.obj
 0001:00005088       strcpy_s                   0000000180006088 f   libucrt:strcpy_s.obj
 0001:00005110       strncmp                    0000000180006110 f   libucrt:strncmp.obj
 0001:00005190       abort                      0000000180006190 f   libucrt:abort.obj
 0001:000051e8       calloc                     00000001800061e8 f   libucrt:calloc.obj
 0001:000051f0       wcsncmp                    00000001800061f0 f   libucrt:wcsncmp.obj
 0001:0000521c       __acrt_call_reportfault    000000018000621c f   libucrt:invalid_parameter.obj
 0001:00005378       __acrt_initialize_invalid_parameter_handler 0000000180006378 f   libucrt:invalid_parameter.obj
 0001:00005380       _invalid_parameter         0000000180006380 f   libucrt:invalid_parameter.obj
 0001:00005430       _invalid_parameter_noinfo  0000000180006430 f   libucrt:invalid_parameter.obj
 0001:00005450       _invoke_watson             0000000180006450 f   libucrt:invalid_parameter.obj
 0001:00005498       __acrt_errno_from_os_error 0000000180006498 f   libucrt:errno.obj
 0001:000054e0       __acrt_errno_map_os_error  00000001800064e0 f   libucrt:errno.obj
 0001:00005530       __doserrno                 0000000180006530 f   libucrt:errno.obj
 0001:00005550       _errno                     0000000180006550 f   libucrt:errno.obj
 0001:000055c0       _tolower_l                 00000001800065c0 f   libucrt:tolower_toupper.obj
 0001:00005a78       __acrt_freeptd             0000000180006a78 f   libucrt:per_thread_data.obj
 0001:00005abc       __acrt_getptd              0000000180006abc f   libucrt:per_thread_data.obj
 0001:00005b80       __acrt_getptd_head         0000000180006b80 f   libucrt:per_thread_data.obj
 0001:00005c28       __acrt_getptd_noexit       0000000180006c28 f   libucrt:per_thread_data.obj
 0001:00005ce0       __acrt_initialize_ptd      0000000180006ce0 f   libucrt:per_thread_data.obj
 0001:00005d1c       __acrt_uninitialize_ptd    0000000180006d1c f   libucrt:per_thread_data.obj
 0001:00005d40       __acrt_update_locale_info  0000000180006d40 f   libucrt:locale_update.obj
 0001:00005d74       __acrt_update_multibyte_info 0000000180006d74 f   libucrt:locale_update.obj
 0001:00005e18       __acrt_set_locale_changed  0000000180006e18 f   libucrt:wsetlocale.obj
 0001:00005e24       __acrt_uninitialize_locale 0000000180006e24 f   libucrt:wsetlocale.obj
 0001:00005e54       __acrt_initialize_locks    0000000180006e54 f   libucrt:locks.obj
 0001:00005e9c       __acrt_lock                0000000180006e9c f   libucrt:locks.obj
 0001:00005eb8       __acrt_uninitialize_locks  0000000180006eb8 f   libucrt:locks.obj
 0001:00005ef0       __acrt_unlock              0000000180006ef0 f   libucrt:locks.obj
 0001:00005f0c       __acrt_get_process_end_policy 0000000180006f0c f   libucrt:win_policies.obj
 0001:00005f48       _calloc_base               0000000180006f48 f   libucrt:calloc_base.obj
 0001:00005fc0       _free_base                 0000000180006fc0 f   libucrt:free_base.obj
 0001:00006568       __acrt_expand_narrow_argv_wildcards 0000000180007568 f   libucrt:argv_wildcards.obj
 0001:00006570       __acrt_GetModuleFileNameA  0000000180007570 f   libucrt:getmodulefilenamea.obj
 0001:00006d18       __acrt_initialize_multibyte 0000000180007d18 f   libucrt:mbctype.obj
 0001:00006d78       __acrt_update_thread_multibyte_data 0000000180007d78 f   libucrt:mbctype.obj
 0001:00006d94       _setmbcp_nolock            0000000180007d94 f   libucrt:mbctype.obj
 0001:000070c4       _ismbblead                 00000001800080c4 f   libucrt:ismbbyte.obj
 0001:000070d8       __acrt_initialize_command_line 00000001800080d8 f   libucrt:argv_data.obj
 0001:00007100       __acrt_MultiByteToWideChar 0000000180008100 f   libucrt:multibytetowidechar.obj
 0001:0000715c       __acrt_WideCharToMultiByte 000000018000815c f   libucrt:widechartomultibyte.obj
 0001:000071f4       __dcrt_get_narrow_environment_from_os 00000001800081f4 f   libucrt:get_environment_from_os.obj
 0001:000072f8       _recalloc                  00000001800082f8 f   libucrt:recalloc.obj
 0001:00007300       _recalloc_base             0000000180008300 f   libucrt:recalloc.obj
 0001:00007570       __acrt_AppPolicyGetProcessTerminationMethodInternal 0000000180008570 f   libucrt:winapi_thunks.obj
 0001:000075c0       __acrt_FlsAlloc            00000001800085c0 f   libucrt:winapi_thunks.obj
 0001:00007608       __acrt_FlsFree             0000000180008608 f   libucrt:winapi_thunks.obj
 0001:00007650       __acrt_FlsGetValue         0000000180008650 f   libucrt:winapi_thunks.obj
 0001:00007698       __acrt_FlsSetValue         0000000180008698 f   libucrt:winapi_thunks.obj
 0001:000076ec       __acrt_InitializeCriticalSectionEx 00000001800086ec f   libucrt:winapi_thunks.obj
 0001:00007750       __acrt_LCMapStringEx       0000000180008750 f   libucrt:winapi_thunks.obj
 0001:0000782c       __acrt_LocaleNameToLCID    000000018000882c f   libucrt:winapi_thunks.obj
 0001:0000787c       __acrt_initialize_winapi_thunks 000000018000887c f   libucrt:winapi_thunks.obj
 0001:000078c4       __acrt_uninitialize_winapi_thunks 00000001800088c4 f   libucrt:winapi_thunks.obj
 0001:00007908       __acrt_initialize_heap     0000000180008908 f   libucrt:heap_handle.obj
 0001:00007924       __acrt_uninitialize_heap   0000000180008924 f   libucrt:heap_handle.obj
 0001:00007b18       __acrt_initialize_lowio    0000000180008b18 f   libucrt:ioinit.obj
 0001:00007b54       __acrt_uninitialize_lowio  0000000180008b54 f   libucrt:ioinit.obj
 0001:00007b94       __acrt_execute_initializers 0000000180008b94 f   libucrt:shared_initialization.obj
 0001:00007c14       __acrt_execute_uninitializers 0000000180008c14 f   libucrt:shared_initialization.obj
 0001:00007c50       __acrt_initialize_new_handler 0000000180008c50 f   libucrt:new_handler.obj
 0001:00007c58       _callnewh                  0000000180008c58 f   libucrt:new_handler.obj
 0001:00007c88       _query_new_handler         0000000180008c88 f   libucrt:new_handler.obj
 0001:00007d04       __acrt_get_sigabrt_handler 0000000180008d04 f   libucrt:signal.obj
 0001:00007d34       __acrt_initialize_signal_handlers 0000000180008d34 f   libucrt:signal.obj
 0001:00007d54       raise                      0000000180008d54 f   libucrt:signal.obj
 0001:00007fd4       __acrt_has_user_matherr    0000000180008fd4 f   libucrt:matherr.obj
 0001:00007ff4       __acrt_initialize_user_matherr 0000000180008ff4 f   libucrt:matherr.obj
 0001:00007ffc       __acrt_invoke_user_matherr 0000000180008ffc f   libucrt:matherr.obj
 0001:00008208       __acrt_stdio_flush_nolock  0000000180009208 f   libucrt:fflush.obj
 0001:00008284       _fflush_nolock             0000000180009284 f   libucrt:fflush.obj
 0001:000082d0       _flushall                  00000001800092d0 f   libucrt:fflush.obj
 0001:000082d8       __acrt_initialize_stdio    00000001800092d8 f   libucrt:_file.obj
 0001:000083f8       __acrt_uninitialize_stdio  00000001800093f8 f   libucrt:_file.obj
 0001:00008454       _lock_file                 0000000180009454 f   libucrt:_file.obj
 0001:00008460       _unlock_file               0000000180009460 f   libucrt:_file.obj
 0001:0000846c       _malloc_base               000000018000946c f   libucrt:malloc_base.obj
 0001:000084cc       _mbtowc_l                  00000001800094cc f   libucrt:mbtowc.obj
 0001:00008648       mbtowc                     0000000180009648 f   libucrt:mbtowc.obj
 0001:00008650       _fileno                    0000000180009650 f   libucrt:fileno.obj
 0001:00008678       __pctype_func              0000000180009678 f   libucrt:ctype.obj
 0001:000086a8       _isctype_l                 00000001800096a8 f   libucrt:isctype.obj
 0001:000087bc       _isleadbyte_l              00000001800097bc f i libucrt:_wctype.obj
 0001:00008b14       __acrt_LCMapStringA        0000000180009b14 f   libucrt:lcmapstringa.obj
 0001:00008bac       __acrt_add_locale_ref      0000000180009bac f   libucrt:locale_refcounting.obj
 0001:00008c38       __acrt_free_locale         0000000180009c38 f   libucrt:locale_refcounting.obj
 0001:00008db0       __acrt_locale_add_lc_time_reference 0000000180009db0 f   libucrt:locale_refcounting.obj
 0001:00008dd8       __acrt_locale_free_lc_time_if_unreferenced 0000000180009dd8 f   libucrt:locale_refcounting.obj
 0001:00008e10       __acrt_locale_release_lc_time_reference 0000000180009e10 f   libucrt:locale_refcounting.obj
 0001:00008e38       __acrt_release_locale_ref  0000000180009e38 f   libucrt:locale_refcounting.obj
 0001:00008ee0       __acrt_update_thread_locale_data 0000000180009ee0 f   libucrt:locale_refcounting.obj
 0001:00008f50       _updatetlocinfoEx_nolock   0000000180009f50 f   libucrt:locale_refcounting.obj
 0001:00008fb8       __acrt_locale_free_monetary 0000000180009fb8 f   libucrt:initmon.obj
 0001:000090c4       __acrt_locale_free_numeric 000000018000a0c4 f   libucrt:initnum.obj
 0001:00009184       __acrt_locale_free_time    000000018000a184 f   libucrt:inittime.obj
 0001:0000928c       __acrt_GetStringTypeA      000000018000a28c f   libucrt:getstringtypea.obj
 0001:0000941c       _query_new_mode            000000018000a41c f   libucrt:new_mode.obj
 0001:00009430       qsort                      000000018000a430 f   libucrt:qsort.obj
 0001:000097e0       strncpy_s                  000000018000a7e0 f   libucrt:strncpy_s.obj
 0001:00009970       strpbrk                    000000018000a970 f   libucrt:strpbrk.obj
 0001:00009d50       ??$__acrt_convert_wcs_mbs@D_W$$A6A_KPEA_WPEBD_KPEAU__crt_locale_pointers@@@ZU__crt_win32_buffer_internal_dynamic_resizing@@@@YAHQEBDAEAV?$__crt_win32_buffer@_WU__crt_win32_buffer_internal_dynamic_resizing@@@@A6A_KPEA_WPEBD_KPEAU__crt_locale_pointers@@@Z5@Z 000000018000ad50 f i libucrt:findfirstfileexa.obj
 0001:00009e58       __acrt_FindFirstFileExA    000000018000ae58 f   libucrt:findfirstfileexa.obj
 0001:00009efc       ??$__acrt_convert_wcs_mbs@_WD$$A6A_KPEADPEB_W_KPEAU__crt_locale_pointers@@@ZU__crt_win32_buffer_no_resizing@@@@YAHQEB_WAEAV?$__crt_win32_buffer@DU__crt_win32_buffer_no_resizing@@@@A6A_KPEADPEB_W_KPEAU__crt_locale_pointers@@@Z5@Z 000000018000aefc f i libucrt:findnextfilea.obj
 0001:00009fc8       __acrt_FindNextFileA       000000018000afc8 f   libucrt:findnextfilea.obj
 0001:0000a0fc       _mbsdec                    000000018000b0fc f   libucrt:mbsdec.obj
 0001:0000a104       _mbsdec_l                  000000018000b104 f   libucrt:mbsdec.obj
 0001:0000a39c       _mbstowcs_l                000000018000b39c f   libucrt:mbstowcs.obj
 0001:0000a3a4       mbstowcs                   000000018000b3a4 f   libucrt:mbstowcs.obj
 0001:0000a3d8       _msize                     000000018000b3d8 f   libucrt:msize.obj
 0001:0000a3e0       _msize_base                000000018000b3e0 f   libucrt:msize.obj
 0001:0000a41c       _realloc_base              000000018000b41c f   libucrt:realloc_base.obj
 0001:0000a580       __acrt_DownlevelLocaleNameToLCID 000000018000b580 f   libucrt:lcidtoname_downlevel.obj
 0001:0000a5b4       __acrt_lowio_create_handle_array 000000018000b5b4 f   libucrt:osfinfo.obj
 0001:0000a64c       __acrt_lowio_destroy_handle_array 000000018000b64c f   libucrt:osfinfo.obj
 0001:0000a69c       __acrt_lowio_ensure_fh_exists 000000018000b69c f   libucrt:osfinfo.obj
 0001:0000a744       __acrt_lowio_lock_fh       000000018000b744 f   libucrt:osfinfo.obj
 0001:0000a768       __acrt_lowio_unlock_fh     000000018000b768 f   libucrt:osfinfo.obj
 0001:0000a78c       _free_osfhnd               000000018000b78c f   libucrt:osfinfo.obj
 0001:0000a848       _get_osfhandle             000000018000b848 f   libucrt:osfinfo.obj
 0001:0000a94c       _commit                    000000018000b94c f   libucrt:commit.obj
 0001:0000af88       _write                     000000018000bf88 f   libucrt:write.obj
 0001:0000b074       _write_nolock              000000018000c074 f   libucrt:write.obj
 0001:0000b354       _fcloseall                 000000018000c354 f   libucrt:closeall.obj
 0001:0000b408       __acrt_stdio_free_buffer_nolock 000000018000c408 f   libucrt:_freebuf.obj
 0001:0000b448       _isatty                    000000018000c448 f   libucrt:isatty.obj
 0001:0000b4a8       ?__mbrtowc_utf8@__crt_mbstring@@YA_KPEA_WPEBD_KPEAU_Mbstatet@@@Z 000000018000c4a8 f   libucrt:mbrtowc.obj
 0001:0000b4e4       ?__mbsrtowcs_utf8@__crt_mbstring@@YA_KPEA_WPEAPEBD_KPEAU_Mbstatet@@@Z 000000018000c4e4 f   libucrt:mbrtowc.obj
 0001:0000b65c       __strncnt                  000000018000c65c f   libucrt:strncnt.obj
 0001:0000b9dc       _wcstombs_l                000000018000c9dc f   libucrt:wcstombs.obj
 0001:0000b9e4       _query_app_type            000000018000c9e4 f   libucrt:report_runtime_error.obj
 0001:0000ba88       _lseeki64_nolock           000000018000ca88 f   libucrt:lseek.obj
 0001:0000ba90       _putwch_nolock             000000018000ca90 f   libucrt:putwch.obj
 0001:0000bacc       _fclose_nolock             000000018000cacc f   libucrt:fclose.obj
 0001:0000bb50       fclose                     000000018000cb50 f   libucrt:fclose.obj
 0001:0000bbb4       ?__mbrtoc32_utf8@__crt_mbstring@@YA_KPEA_UPEBD_KPEAU_Mbstatet@@@Z 000000018000cbb4 f   libucrt:mbrtoc32.obj
 0001:0000bd90       log10                      000000018000cd90 f   libucrt:log10.obj
 0001:0000c33c       ?__wcsrtombs_utf8@__crt_mbstring@@YA_KPEADPEAPEB_W_KPEAU_Mbstatet@@@Z 000000018000d33c f   libucrt:wcrtomb.obj
 0001:0000c458       __dcrt_lowio_ensure_console_output_initialized 000000018000d458 f   libucrt:initcon.obj
 0001:0000c4ac       __dcrt_terminate_console_output 000000018000d4ac f   libucrt:initcon.obj
 0001:0000c4c8       __dcrt_write_console       000000018000d4c8 f   libucrt:initcon.obj
 0001:0000c5fc       _close                     000000018000d5fc f   libucrt:close.obj
 0001:0000c6a0       _close_nolock              000000018000d6a0 f   libucrt:close.obj
 0001:0000c75c       ?__acrt_stdio_free_stream@@YAXV__crt_stdio_stream@@@Z 000000018000d75c f   libucrt:stream.obj
 0001:0000c89c       _handle_error              000000018000d89c f   libucrt:libm_error.obj
 0001:0000c9d0       __acrt_initialize_fma3     000000018000d9d0 f   libucrt:fma3_available.obj
 0001:0000ca40       _log10_special             000000018000da40 f   libucrt:log_special.obj
 0001:0000caf8       ?__c16rtomb_utf8@__crt_mbstring@@YA_KPEAD_SPEAU_Mbstatet@@@Z 000000018000daf8 f   libucrt:c16rtomb.obj
 0001:0000cbb0       _get_fpsr                  000000018000dbb0 f   libucrt:fpsr.obj
 0001:0000cbc0       _set_fpsr                  000000018000dbc0 f   libucrt:fpsr.obj
 0001:0000cbca       _fclrf                     000000018000dbca f   libucrt:fpsr.obj
 0001:0000cbde       _frnd                      000000018000dbde f   libucrt:fpsr.obj
 0001:0000cc00       _raise_exc                 000000018000dc00 f   libucrt:fpexcept.obj
 0001:0000cc28       _raise_exc_ex              000000018000dc28 f   libucrt:fpexcept.obj
 0001:0000cf38       _set_errno_from_matherr    000000018000df38 f   libucrt:fpexcept.obj
 0001:0000cf68       _clrfp                     000000018000df68 f   libucrt:fpctrl.obj
 0001:0000cf88       _ctrlfp                    000000018000df88 f   libucrt:fpctrl.obj
 0001:0000d004       _set_statfp                000000018000e004 f   libucrt:fpctrl.obj
 0001:0000d024       _statfp                    000000018000e024 f   libucrt:fpctrl.obj
 0001:0000d038       ?__c32rtomb_utf8@__crt_mbstring@@YA_KPEAD_UPEAU_Mbstatet@@@Z 000000018000e038 f   libucrt:c32rtomb.obj
 0001:0000d0f0       c32rtomb                   000000018000e0f0 f   libucrt:c32rtomb.obj
 0001:0000d0f5       IsProcessorFeaturePresent  000000018000e0f5 f   kernel32:KERNEL32.dll
 0001:0000d0fc       ?DloadAcquireSectionWriteAccess@@YAXXZ 000000018000e0fc f i DelayImp:delayhlp.obj
 0001:0000d1a8       ?DloadGetSRWLockFunctionPointers@@YAEXZ 000000018000e1a8 f i DelayImp:delayhlp.obj
 0001:0000d244       ?DloadMakePermanentImageCommit@@YAXPEAX_K@Z 000000018000e244 f i DelayImp:delayhlp.obj
 0001:0000d2dc       ?DloadObtainSection@@YAPEAXPEAK0@Z 000000018000e2dc f i DelayImp:delayhlp.obj
 0001:0000d378       ?DloadProtectSection@@YAXKPEAK@Z 000000018000e378 f i DelayImp:delayhlp.obj
 0001:0000d408       ?DloadReleaseSectionWriteAccess@@YAXXZ 000000018000e408 f i DelayImp:delayhlp.obj
 0001:0000d49c       __delayLoadHelper2         000000018000e49c f   DelayImp:delayhlp.obj
 0001:0000d760       _FindPESection             000000018000e760 f   LIBCMT:pesect.obj
 0001:0000d7b0       _IsNonwritableInCurrentImage 000000018000e7b0 f   LIBCMT:pesect.obj
 0001:0000d800       _ValidateImageBase         000000018000e800 f   LIBCMT:pesect.obj
 0001:0000d830       ??_Etype_info@@UEAAPEAXI@Z 000000018000e830 f i LIBCMT:std_type_info_static.obj
 0001:0000d830       ??_Gtype_info@@UEAAPEAXI@Z 000000018000e830 f i LIBCMT:std_type_info_static.obj
 0001:0000d85c       __GSHandlerCheck           000000018000e85c f   LIBCMT:_gshandler_.obj
 0001:0000d87c       __GSHandlerCheckCommon     000000018000e87c f   LIBCMT:_gshandler_.obj
 0001:0000d8d8       ??3@YAXPEAX_K@Z            000000018000e8d8 f   LIBCMT:delete_scalar_size.obj
 0001:0000d8f0       __chkstk                   000000018000e8f0 f   LIBCMT:_chkstk_.obj
 0001:0000d8f0       _alloca_probe              000000018000e8f0 f   LIBCMT:_chkstk_.obj
 0001:0000d944       __GSHandlerCheck_EH        000000018000e944 f   LIBCMT:gshandlereh.obj
 0001:0000d9c4       ??3@YAXPEAX@Z              000000018000e9c4 f   LIBCMT:delete_scalar.obj
 0001:0000d9e0       memcmp                     000000018000e9e0 f   libvcruntime:memcmp.obj
 0001:0000dac0       _guard_dispatch_icall_nop  000000018000eac0 f   LIBCMT:_guard_dispatch_.obj
 0002:00000000       __imp_GetModuleHandleA     000000018000f000     kernel32:KERNEL32.dll
 0002:00000008       __imp_LoadLibraryExA       000000018000f008     kernel32:KERNEL32.dll
 0002:00000010       __imp_RtlCaptureContext    000000018000f010     kernel32:KERNEL32.dll
 0002:00000018       __imp_RtlLookupFunctionEntry 000000018000f018     kernel32:KERNEL32.dll
 0002:00000020       __imp_RtlVirtualUnwind     000000018000f020     kernel32:KERNEL32.dll
 0002:00000028       __imp_UnhandledExceptionFilter 000000018000f028     kernel32:KERNEL32.dll
 0002:00000030       __imp_SetUnhandledExceptionFilter 000000018000f030     kernel32:KERNEL32.dll
 0002:00000038       __imp_GetCurrentProcess    000000018000f038     kernel32:KERNEL32.dll
 0002:00000040       __imp_TerminateProcess     000000018000f040     kernel32:KERNEL32.dll
 0002:00000048       __imp_IsProcessorFeaturePresent 000000018000f048     kernel32:KERNEL32.dll
 0002:00000050       __imp_QueryPerformanceCounter 000000018000f050     kernel32:KERNEL32.dll
 0002:00000058       __imp_GetCurrentProcessId  000000018000f058     kernel32:KERNEL32.dll
 0002:00000060       __imp_GetCurrentThreadId   000000018000f060     kernel32:KERNEL32.dll
 0002:00000068       __imp_GetSystemTimeAsFileTime 000000018000f068     kernel32:KERNEL32.dll
 0002:00000070       __imp_InitializeSListHead  000000018000f070     kernel32:KERNEL32.dll
 0002:00000078       __imp_IsDebuggerPresent    000000018000f078     kernel32:KERNEL32.dll
 0002:00000080       __imp_GetStartupInfoW      000000018000f080     kernel32:KERNEL32.dll
 0002:00000088       __imp_GetModuleHandleW     000000018000f088     kernel32:KERNEL32.dll
 0002:00000090       __imp_RtlUnwindEx          000000018000f090     kernel32:KERNEL32.dll
 0002:00000098       __imp_InterlockedFlushSList 000000018000f098     kernel32:KERNEL32.dll
 0002:000000a0       __imp_GetLastError         000000018000f0a0     kernel32:KERNEL32.dll
 0002:000000a8       __imp_SetLastError         000000018000f0a8     kernel32:KERNEL32.dll
 0002:000000b0       __imp_EnterCriticalSection 000000018000f0b0     kernel32:KERNEL32.dll
 0002:000000b8       __imp_LeaveCriticalSection 000000018000f0b8     kernel32:KERNEL32.dll
 0002:000000c0       __imp_DeleteCriticalSection 000000018000f0c0     kernel32:KERNEL32.dll
 0002:000000c8       __imp_InitializeCriticalSectionAndSpinCount 000000018000f0c8     kernel32:KERNEL32.dll
 0002:000000d0       __imp_TlsAlloc             000000018000f0d0     kernel32:KERNEL32.dll
 0002:000000d8       __imp_TlsGetValue          000000018000f0d8     kernel32:KERNEL32.dll
 0002:000000e0       __imp_TlsSetValue          000000018000f0e0     kernel32:KERNEL32.dll
 0002:000000e8       __imp_TlsFree              000000018000f0e8     kernel32:KERNEL32.dll
 0002:000000f0       __imp_FreeLibrary          000000018000f0f0     kernel32:KERNEL32.dll
 0002:000000f8       __imp_GetProcAddress       000000018000f0f8     kernel32:KERNEL32.dll
 0002:00000100       __imp_LoadLibraryExW       000000018000f100     kernel32:KERNEL32.dll
 0002:00000108       __imp_EncodePointer        000000018000f108     kernel32:KERNEL32.dll
 0002:00000110       __imp_RaiseException       000000018000f110     kernel32:KERNEL32.dll
 0002:00000118       __imp_RtlPcToFileHeader    000000018000f118     kernel32:KERNEL32.dll
 0002:00000120       __imp_ExitProcess          000000018000f120     kernel32:KERNEL32.dll
 0002:00000128       __imp_GetModuleHandleExW   000000018000f128     kernel32:KERNEL32.dll
 0002:00000130       __imp_GetModuleFileNameW   000000018000f130     kernel32:KERNEL32.dll
 0002:00000138       __imp_HeapAlloc            000000018000f138     kernel32:KERNEL32.dll
 0002:00000140       __imp_HeapFree             000000018000f140     kernel32:KERNEL32.dll
 0002:00000148       __imp_FindClose            000000018000f148     kernel32:KERNEL32.dll
 0002:00000150       __imp_FindFirstFileExW     000000018000f150     kernel32:KERNEL32.dll
 0002:00000158       __imp_FindNextFileW        000000018000f158     kernel32:KERNEL32.dll
 0002:00000160       __imp_IsValidCodePage      000000018000f160     kernel32:KERNEL32.dll
 0002:00000168       __imp_GetACP               000000018000f168     kernel32:KERNEL32.dll
 0002:00000170       __imp_GetOEMCP             000000018000f170     kernel32:KERNEL32.dll
 0002:00000178       __imp_GetCPInfo            000000018000f178     kernel32:KERNEL32.dll
 0002:00000180       __imp_GetCommandLineA      000000018000f180     kernel32:KERNEL32.dll
 0002:00000188       __imp_GetCommandLineW      000000018000f188     kernel32:KERNEL32.dll
 0002:00000190       __imp_MultiByteToWideChar  000000018000f190     kernel32:KERNEL32.dll
 0002:00000198       __imp_WideCharToMultiByte  000000018000f198     kernel32:KERNEL32.dll
 0002:000001a0       __imp_GetEnvironmentStringsW 000000018000f1a0     kernel32:KERNEL32.dll
 0002:000001a8       __imp_FreeEnvironmentStringsW 000000018000f1a8     kernel32:KERNEL32.dll
 0002:000001b0       __imp_LCMapStringW         000000018000f1b0     kernel32:KERNEL32.dll
 0002:000001b8       __imp_GetProcessHeap       000000018000f1b8     kernel32:KERNEL32.dll
 0002:000001c0       __imp_GetStdHandle         000000018000f1c0     kernel32:KERNEL32.dll
 0002:000001c8       __imp_GetFileType          000000018000f1c8     kernel32:KERNEL32.dll
 0002:000001d0       __imp_GetStringTypeW       000000018000f1d0     kernel32:KERNEL32.dll
 0002:000001d8       __imp_HeapSize             000000018000f1d8     kernel32:KERNEL32.dll
 0002:000001e0       __imp_HeapReAlloc          000000018000f1e0     kernel32:KERNEL32.dll
 0002:000001e8       __imp_SetStdHandle         000000018000f1e8     kernel32:KERNEL32.dll
 0002:000001f0       __imp_FlushFileBuffers     000000018000f1f0     kernel32:KERNEL32.dll
 0002:000001f8       __imp_WriteFile            000000018000f1f8     kernel32:KERNEL32.dll
 0002:00000200       __imp_GetConsoleCP         000000018000f200     kernel32:KERNEL32.dll
 0002:00000208       __imp_GetConsoleMode       000000018000f208     kernel32:KERNEL32.dll
 0002:00000210       __imp_SetFilePointerEx     000000018000f210     kernel32:KERNEL32.dll
 0002:00000218       __imp_CreateFileW          000000018000f218     kernel32:KERNEL32.dll
 0002:00000220       __imp_CloseHandle          000000018000f220     kernel32:KERNEL32.dll
 0002:00000228       __imp_WriteConsoleW        000000018000f228     kernel32:KERNEL32.dll
 0002:00000230       __imp_GetSystemInfo        000000018000f230     kernel32:KERNEL32.dll
 0002:00000238       __imp_VirtualProtect       000000018000f238     kernel32:KERNEL32.dll
 0002:00000240       __imp_VirtualQuery         000000018000f240     kernel32:KERNEL32.dll
 0002:00000248       \177KERNEL32_NULL_THUNK_DATA 000000018000f248     kernel32:KERNEL32.dll
 0002:00000250       __guard_check_icall_fptr   000000018000f250     LIBCMT:guard_support.obj
 0002:00000258       __guard_dispatch_icall_fptr 000000018000f258     LIBCMT:guard_support.obj
 0002:00000260       __xc_a                     000000018000f260     LIBCMT:initializers.obj
 0002:00000268       _register_callback_addon_  000000018000f268     callback.obj
 0002:00000270       __xc_z                     000000018000f270     LIBCMT:initializers.obj
 0002:00000278       __xi_a                     000000018000f278     LIBCMT:initializers.obj
 0002:00000280       __acrt_multibyte_initializer 000000018000f280     libucrt:multibyte_initializer.obj
 0002:00000288       __acrt_stdio_initializer   000000018000f288     libucrt:stdio_initializer.obj
 0002:00000290       __acrt_tran_fma3_initializer 000000018000f290     libucrt:fma3_initializer.obj
 0002:00000298       __xi_z                     000000018000f298     LIBCMT:initializers.obj
 0002:000002a0       __xp_a                     000000018000f2a0     LIBCMT:initializers.obj
 0002:000002a8       __acrt_locale_terminator   000000018000f2a8     libucrt:locale_initializer.obj
 0002:000002b0       __dcrt_console_output_terminator 000000018000f2b0     libucrt:console_output_initializer.obj
 0002:000002b8       __acrt_stdio_terminator    000000018000f2b8     libucrt:stdio_initializer.obj
 0002:000002c0       __xp_z                     000000018000f2c0     LIBCMT:initializers.obj
 0002:000002c8       __xt_a                     000000018000f2c8     LIBCMT:initializers.obj
 0002:000002d0       __xt_z                     000000018000f2d0     LIBCMT:initializers.obj
 0002:000002e0       __sz_node_exe              000000018000f2e0     node:node.exe
 0002:000002f0       _pRawDllMain               000000018000f2f0     LIBCMT:dll_dllmain.obj
 0002:000002f0       _pDefaultRawDllMain        000000018000f2f0     LIBCMT:dll_dllmain.obj
 0002:00000308       _pDestructExceptionObject  000000018000f308     libvcruntime:ehhelpers.obj
 0002:00000648       ??_C@_08EHJDFFNH@__based?$CI@ 000000018000f648     libvcruntime:undname.obj
 0002:00000658       ??_C@_07KOLFKCDI@__cdecl@  000000018000f658     libvcruntime:undname.obj
 0002:00000660       ??_C@_08GHMPAG@__pascal@   000000018000f660     libvcruntime:undname.obj
 0002:00000670       ??_C@_09IFJBGAPI@__stdcall@ 000000018000f670     libvcruntime:undname.obj
 0002:00000680       ??_C@_0L@NPHFGOKO@__thiscall@ 000000018000f680     libvcruntime:undname.obj
 0002:00000690       ??_C@_0L@JMKHOMEK@__fastcall@ 000000018000f690     libvcruntime:undname.obj
 0002:000006a0       ??_C@_0N@BCKKPABJ@__vectorcall@ 000000018000f6a0     libvcruntime:undname.obj
 0002:000006b0       ??_C@_09HIJEGCPM@__clrcall@ 000000018000f6b0     libvcruntime:undname.obj
 0002:000006bc       ??_C@_06GHPCKEAG@__eabi@   000000018000f6bc     libvcruntime:undname.obj
 0002:000006c8       ??_C@_09IOPIDJLG@__swift_1@ 000000018000f6c8     libvcruntime:undname.obj
 0002:000006d8       ??_C@_09KFNFGKHF@__swift_2@ 000000018000f6d8     libvcruntime:undname.obj
 0002:000006e8       ??_C@_07JOMMBBKO@__ptr64@  000000018000f6e8     libvcruntime:undname.obj
 0002:000006f0       ??_C@_0L@PILCLIHE@__restrict@ 000000018000f6f0     libvcruntime:undname.obj
 0002:00000700       ??_C@_0M@GFIIJFMG@__unaligned@ 000000018000f700     libvcruntime:undname.obj
 0002:00000710       ??_C@_09DHDLOLLB@restrict?$CI@ 000000018000f710     libvcruntime:undname.obj
 0002:0000071a       ??_C@_00CNPNBAHC@@         000000018000f71a     libvcruntime:undname.obj
 0002:0000071c       ??_C@_04NIHEBCM@?5new@     000000018000f71c     libvcruntime:undname.obj
 0002:00000728       ??_C@_07FPCDHGMM@?5delete@ 000000018000f728     libvcruntime:undname.obj
 0002:00000730       ??_C@_01NEMOKFLO@?$DN@     000000018000f730     libvcruntime:undname.obj
 0002:00000734       ??_C@_02GPIOPFAK@?$DO?$DO@ 000000018000f734     libvcruntime:undname.obj
 0002:00000738       ??_C@_02FODMEDOG@?$DM?$DM@ 000000018000f738     libvcruntime:undname.obj
 0002:0000073c       ??_C@_01DCLJPIOD@?$CB@     000000018000f73c     libvcruntime:undname.obj
 0002:00000740       ??_C@_02EGOFBIJA@?$DN?$DN@ 000000018000f740     libvcruntime:undname.obj
 0002:00000744       ??_C@_02FDNJECIE@?$CB?$DN@ 000000018000f744     libvcruntime:undname.obj
 0002:00000748       ??_C@_02GPECMEKF@?$FL?$FN@ 000000018000f748     libvcruntime:undname.obj
 0002:00000750       ??_C@_08LHJFAFGD@operator@ 000000018000f750     libvcruntime:undname.obj
 0002:0000075c       ??_C@_02HBOOOICD@?9?$DO@   000000018000f75c     libvcruntime:undname.obj
 0002:00000760       ??_C@_01NBENCBCI@?$CK@     000000018000f760     libvcruntime:undname.obj
 0002:00000764       ??_C@_02ECNGHCIF@?$CL?$CL@ 000000018000f764     libvcruntime:undname.obj
 0002:00000768       ??_C@_02BAABKJLB@?9?9@     000000018000f768     libvcruntime:undname.obj
 0002:0000076c       ??_C@_01JOAMLHOP@?9@       000000018000f76c     libvcruntime:undname.obj
 0002:00000770       ??_C@_01MIFGBAGJ@?$CL@     000000018000f770     libvcruntime:undname.obj
 0002:00000774       ??_C@_01HNPIGOCE@?$CG@     000000018000f774     libvcruntime:undname.obj
 0002:00000778       ??_C@_03MNHNFDLC@?9?$DO?$CK@ 000000018000f778     libvcruntime:undname.obj
 0002:0000077c       ??_C@_01KMDKNFGN@?1@       000000018000f77c     libvcruntime:undname.obj
 0002:00000780       ??_C@_01FGNFDNOH@?$CF@     000000018000f780     libvcruntime:undname.obj
 0002:00000784       ??_C@_01MNNFJEPP@?$DM@     000000018000f784     libvcruntime:undname.obj
 0002:00000788       ??_C@_02EHCHHCKH@?$DM?$DN@ 000000018000f788     libvcruntime:undname.obj
 0002:0000078c       ??_C@_01PPODPGHN@?$DO@     000000018000f78c     libvcruntime:undname.obj
 0002:00000790       ??_C@_02EEKDKGMJ@?$DO?$DN@ 000000018000f790     libvcruntime:undname.obj
 0002:00000794       ??_C@_01IHBHIGKO@?0@       000000018000f794     libvcruntime:undname.obj
 0002:00000798       ??_C@_02HCKGKOFO@?$CI?$CJ@ 000000018000f798     libvcruntime:undname.obj
 0002:0000079c       ??_C@_01PJKLJHI@?$HO@      000000018000f79c     libvcruntime:undname.obj
 0002:000007a0       ??_C@_01JKBOJNNK@?$FO@     000000018000f7a0     libvcruntime:undname.obj
 0002:000007a4       ??_C@_01DNKMNLPK@?$HM@     000000018000f7a4     libvcruntime:undname.obj
 0002:000007a8       ??_C@_02PPKAJPJL@?$CG?$CG@ 000000018000f7a8     libvcruntime:undname.obj
 0002:000007ac       ??_C@_02NONPIBCD@?$HM?$HM@ 000000018000f7ac     libvcruntime:undname.obj
 0002:000007b0       ??_C@_02FPIMKNGF@?$CK?$DN@ 000000018000f7b0     libvcruntime:undname.obj
 0002:000007b4       ??_C@_02FOEOMHFC@?$CL?$DN@ 000000018000f7b4     libvcruntime:undname.obj
 0002:000007b8       ??_C@_02FKMDLLOA@?9?$DN@   000000018000f7b8     libvcruntime:undname.obj
 0002:000007bc       ??_C@_02FJEHGPIO@?1?$DN@   000000018000f7bc     libvcruntime:undname.obj
 0002:000007c0       ??_C@_02FENAOKFI@?$CF?$DN@ 000000018000f7c0     libvcruntime:undname.obj
 0002:000007c4       ??_C@_03IKFCCPFF@?$DO?$DO?$DN@ 000000018000f7c4     libvcruntime:undname.obj
 0002:000007c8       ??_C@_03CDNPDDLA@?$DM?$DM?$DN@ 000000018000f7c8     libvcruntime:undname.obj
 0002:000007cc       ??_C@_02FGJGFEAB@?$CG?$DN@ 000000018000f7cc     libvcruntime:undname.obj
 0002:000007d0       ??_C@_02DHLNPPGH@?$HM?$DN@ 000000018000f7d0     libvcruntime:undname.obj
 0002:000007d4       ??_C@_02MHEGNOJ@?$FO?$DN@  000000018000f7d4     libvcruntime:undname.obj
 0002:000007d8       ??_C@_09IFPLHPGF@?$GAvftable?8@ 000000018000f7d8     libvcruntime:undname.obj
 0002:000007e8       ??_C@_09BLBHBJP@?$GAvbtable?8@ 000000018000f7e8     libvcruntime:undname.obj
 0002:000007f8       ??_C@_07FEEIOKP@?$GAvcall?8@ 000000018000f7f8     libvcruntime:undname.obj
 0002:00000800       ??_C@_08LLFFHHDJ@?$GAtypeof?8@ 000000018000f800     libvcruntime:undname.obj
 0002:00000810       ??_C@_0BF@KDPPACIK@?$GAlocal?5static?5guard?8@ 000000018000f810     libvcruntime:undname.obj
 0002:00000828       ??_C@_08OBABFOLI@?$GAstring?8@ 000000018000f828     libvcruntime:undname.obj
 0002:00000838       ??_C@_0BD@JDLKDPAB@?$GAvbase?5destructor?8@ 000000018000f838     libvcruntime:undname.obj
 0002:00000850       ??_C@_0BN@DEGPLNFK@?$GAvector?5deleting?5destructor?8@ 000000018000f850     libvcruntime:undname.obj
 0002:00000870       ??_C@_0BO@OBMKPJIG@?$GAdefault?5constructor?5closure?8@ 000000018000f870     libvcruntime:undname.obj
 0002:00000890       ??_C@_0BN@IMDCHIKM@?$GAscalar?5deleting?5destructor?8@ 000000018000f890     libvcruntime:undname.obj
 0002:000008b0       ??_C@_0BO@PFGOCPJJ@?$GAvector?5constructor?5iterator?8@ 000000018000f8b0     libvcruntime:undname.obj
 0002:000008d0       ??_C@_0BN@LFPFMEDL@?$GAvector?5destructor?5iterator?8@ 000000018000f8d0     libvcruntime:undname.obj
 0002:000008f0       ??_C@_0CE@IKBNEHA@?$GAvector?5vbase?5constructor?5itera@ 000000018000f8f0     libvcruntime:undname.obj
 0002:00000918       ??_C@_0BL@NILFHHPC@?$GAvirtual?5displacement?5map?8@ 000000018000f918     libvcruntime:undname.obj
 0002:00000938       ??_C@_0CB@JONCMFFK@?$GAeh?5vector?5constructor?5iterator@ 000000018000f938     libvcruntime:undname.obj
 0002:00000960       ??_C@_0CA@GCEOPDGL@?$GAeh?5vector?5destructor?5iterator?8@ 000000018000f960     libvcruntime:undname.obj
 0002:00000980       ??_C@_0CH@OOJPLCPH@?$GAeh?5vector?5vbase?5constructor?5it@ 000000018000f980     libvcruntime:undname.obj
 0002:000009a8       ??_C@_0BL@LLKPOHJI@?$GAcopy?5constructor?5closure?8@ 000000018000f9a8     libvcruntime:undname.obj
 0002:000009c8       ??_C@_0BA@KBCDOMBN@?$GAudt?5returning?8@ 000000018000f9c8     libvcruntime:undname.obj
 0002:000009d8       ??_C@_03KLGMFNMG@?$GAEH@   000000018000f9d8     libvcruntime:undname.obj
 0002:000009dc       ??_C@_05KHLCHHI@?$GARTTI@  000000018000f9dc     libvcruntime:undname.obj
 0002:000009e8       ??_C@_0BA@KKLDJDLB@?$GAlocal?5vftable?8@ 000000018000f9e8     libvcruntime:undname.obj
 0002:000009f8       ??_C@_0CE@IIHCMGGL@?$GAlocal?5vftable?5constructor?5clos@ 000000018000f9f8     libvcruntime:undname.obj
 0002:00000a1c       ??_C@_06FHBGPFGH@?5new?$FL?$FN@ 000000018000fa1c     libvcruntime:undname.obj
 0002:00000a28       ??_C@_09LBNFPBCA@?5delete?$FL?$FN@ 000000018000fa28     libvcruntime:undname.obj
 0002:00000a38       ??_C@_0P@HJKNJFNN@?$GAomni?5callsig?8@ 000000018000fa38     libvcruntime:undname.obj
 0002:00000a48       ??_C@_0BL@CNOONJFP@?$GAplacement?5delete?5closure?8@ 000000018000fa48     libvcruntime:undname.obj
 0002:00000a68       ??_C@_0BN@CKNJLHMB@?$GAplacement?5delete?$FL?$FN?5closure?8@ 000000018000fa68     libvcruntime:undname.obj
 0002:00000a88       ??_C@_0CG@CFDHKGGD@?$GAmanaged?5vector?5constructor?5ite@ 000000018000fa88     libvcruntime:undname.obj
 0002:00000ab0       ??_C@_0CF@IMGKMJNO@?$GAmanaged?5vector?5destructor?5iter@ 000000018000fab0     libvcruntime:undname.obj
 0002:00000ad8       ??_C@_0CG@HLDDJMAG@?$GAeh?5vector?5copy?5constructor?5ite@ 000000018000fad8     libvcruntime:undname.obj
 0002:00000b00       ??_C@_0CM@FCBBDIGB@?$GAeh?5vector?5vbase?5copy?5construct@ 000000018000fb00     libvcruntime:undname.obj
 0002:00000b30       ??_C@_0BL@CLIPGLGB@?$GAdynamic?5initializer?5for?5?8@ 000000018000fb30     libvcruntime:undname.obj
 0002:00000b50       ??_C@_0CB@PDBIFEP@?$GAdynamic?5atexit?5destructor?5for?5@ 000000018000fb50     libvcruntime:undname.obj
 0002:00000b78       ??_C@_0CD@CGAJBKEJ@?$GAvector?5copy?5constructor?5iterat@ 000000018000fb78     libvcruntime:undname.obj
 0002:00000ba0       ??_C@_0CJ@GJELGAMM@?$GAvector?5vbase?5copy?5constructor?5@ 000000018000fba0     libvcruntime:undname.obj
 0002:00000bd0       ??_C@_0CL@FGIJHLCE@?$GAmanaged?5vector?5copy?5constructo@ 000000018000fbd0     libvcruntime:undname.obj
 0002:00000c00       ??_C@_0BM@PMGGMLDN@?$GAlocal?5static?5thread?5guard?8@ 000000018000fc00     libvcruntime:undname.obj
 0002:00000c20       ??_C@_0N@BDNMDMOL@operator?5?$CC?$CC?5@ 000000018000fc20     libvcruntime:undname.obj
 0002:00000c30       ??_C@_0BC@GGEBGALA@operator?5co_await@ 000000018000fc30     libvcruntime:undname.obj
 0002:00000c48       ??_C@_0BC@DAFEJGAK@?5Type?5Descriptor?8@ 000000018000fc48     libvcruntime:undname.obj
 0002:00000c60       ??_C@_0BM@LDKODKLH@?5Base?5Class?5Descriptor?5at?5?$CI@ 000000018000fc60     libvcruntime:undname.obj
 0002:00000c80       ??_C@_0BD@LGICGFMM@?5Base?5Class?5Array?8@ 000000018000fc80     libvcruntime:undname.obj
 0002:00000c98       ??_C@_0BN@MECKDCOJ@?5Class?5Hierarchy?5Descriptor?8@ 000000018000fc98     libvcruntime:undname.obj
 0002:00000cb8       ??_C@_0BK@CFCOFLF@?5Complete?5Object?5Locator?8@ 000000018000fcb8     libvcruntime:undname.obj
 0002:00000cf0       ??_C@_1DM@KHCHBNEB@?$AAa?$AAp?$AAi?$AA?9?$AAm?$AAs?$AA?9?$AAw?$AAi?$AAn?$AA?9?$AAc?$AAo?$AAr?$AAe@ 000000018000fcf0     libvcruntime:winapi_downlevel.obj
 0002:00000d30       ??_C@_1DK@LPPGFMPP@?$AAa?$AAp?$AAi?$AA?9?$AAm?$AAs?$AA?9?$AAw?$AAi?$AAn?$AA?9?$AAc?$AAo?$AAr?$AAe@ 000000018000fd30     libvcruntime:winapi_downlevel.obj
 0002:00000d70       ??_C@_1BC@GDMECMAK@?$AAk?$AAe?$AAr?$AAn?$AAe?$AAl?$AA3?$AA2@ 000000018000fd70     libvcruntime:winapi_downlevel.obj
 0002:00000d88       ??_C@_1BA@PFFKHIOG@?$AAa?$AAp?$AAi?$AA?9?$AAm?$AAs?$AA?9@ 000000018000fd88     libvcruntime:winapi_downlevel.obj
 0002:00000d98       ??_C@_1BA@IAIFMGEF@?$AAe?$AAx?$AAt?$AA?9?$AAm?$AAs?$AA?9@ 000000018000fd98     libvcruntime:winapi_downlevel.obj
 0002:00000db0       ??_C@_08KNHFBNJ@FlsAlloc@  000000018000fdb0     libvcruntime:winapi_downlevel.obj
 0002:00000dc8       ??_C@_07PEJMOBNF@FlsFree@  000000018000fdc8     libvcruntime:winapi_downlevel.obj
 0002:00000dd8       ??_C@_0M@GDNOONDI@FlsGetValue@ 000000018000fdd8     libvcruntime:winapi_downlevel.obj
 0002:00000df0       ??_C@_0M@JCPCPOEF@FlsSetValue@ 000000018000fdf0     libvcruntime:winapi_downlevel.obj
 0002:00000e08       ??_C@_0BM@HCFOFFN@InitializeCriticalSectionEx@ 000000018000fe08     libvcruntime:winapi_downlevel.obj
 0002:00000ed0       ??_7exception@std@@6B@     000000018000fed0     libvcruntime:frame.obj
 0002:00000ee0       ??_C@_0BC@EOODALEL@Unknown?5exception@ 000000018000fee0     libvcruntime:frame.obj
 0002:00000f00       ??_7bad_exception@std@@6B@ 000000018000ff00     libvcruntime:frame.obj
 0002:00000f10       ??_C@_0O@DPKOEFFH@bad?5exception@ 000000018000ff10     libvcruntime:frame.obj
 0002:00000f60       __acrt_exception_action_table 000000018000ff60     libucrt:exception_filter.obj
 0002:00001020       __acrt_signal_action_table_count 0000000180010020     libucrt:exception_filter.obj
 0002:00001028       __acrt_signal_action_first_fpe_index 0000000180010028     libucrt:exception_filter.obj
 0002:00001030       __acrt_signal_action_fpe_count 0000000180010030     libucrt:exception_filter.obj
 0002:00001038       ??_C@_1BI@BGOHAHKC@?$AAm?$AAs?$AAc?$AAo?$AAr?$AAe?$AAe?$AA?4?$AAd?$AAl?$AAl?$AA?$AA@ 0000000180010038     libucrt:exit.obj
 0002:00001050       ??_C@_0P@MIGLKIOC@CorExitProcess?$AA@ 0000000180010050     libucrt:exit.obj
 0002:000012c0       __lc_time_c                00000001800102c0     libucrt:nlsdata.obj
 0002:00001580       ??_C@_03KOEHGMDN@Sun?$AA@  0000000180010580     libucrt:nlsdata.obj
 0002:00001584       ??_C@_03PDAGKDH@Mon?$AA@   0000000180010584     libucrt:nlsdata.obj
 0002:00001588       ??_C@_03NAGEINEP@Tue?$AA@  0000000180010588     libucrt:nlsdata.obj
 0002:0000158c       ??_C@_03MHOMLAJA@Wed?$AA@  000000018001058c     libucrt:nlsdata.obj
 0002:00001590       ??_C@_03IOFIKPDN@Thu?$AA@  0000000180010590     libucrt:nlsdata.obj
 0002:00001594       ??_C@_03IDIOELNC@Fri?$AA@  0000000180010594     libucrt:nlsdata.obj
 0002:00001598       ??_C@_03FEFJNEK@Sat?$AA@   0000000180010598     libucrt:nlsdata.obj
 0002:0000159c       ??_C@_06OOPIFAJ@Sunday?$AA@ 000000018001059c     libucrt:nlsdata.obj
 0002:000015a4       ??_C@_06JLEDEDGH@Monday?$AA@ 00000001800105a4     libucrt:nlsdata.obj
 0002:000015b0       ??_C@_07BAAGCFCM@Tuesday?$AA@ 00000001800105b0     libucrt:nlsdata.obj
 0002:000015b8       ??_C@_09DLIGFAKA@Wednesday?$AA@ 00000001800105b8     libucrt:nlsdata.obj
 0002:000015c8       ??_C@_08HACCIKIA@Thursday?$AA@ 00000001800105c8     libucrt:nlsdata.obj
 0002:000015d4       ??_C@_06JECMNKMI@Friday?$AA@ 00000001800105d4     libucrt:nlsdata.obj
 0002:000015e0       ??_C@_08INBOOONO@Saturday?$AA@ 00000001800105e0     libucrt:nlsdata.obj
 0002:000015ec       ??_C@_03JIHJHPIE@Jan?$AA@  00000001800105ec     libucrt:nlsdata.obj
 0002:000015f0       ??_C@_03HJBDCHOM@Feb?$AA@  00000001800105f0     libucrt:nlsdata.obj
 0002:000015f4       ??_C@_03ODNJBKGA@Mar?$AA@  00000001800105f4     libucrt:nlsdata.obj
 0002:000015f8       ??_C@_03LEOLGMJP@Apr?$AA@  00000001800105f8     libucrt:nlsdata.obj
 0002:000015fc       ??_C@_03CNMDKL@May?$AA@    00000001800105fc     libucrt:nlsdata.obj
 0002:00001600       ??_C@_03IDFGHECI@Jun?$AA@  0000000180010600     libucrt:nlsdata.obj
 0002:00001604       ??_C@_03LBGABGKK@Jul?$AA@  0000000180010604     libucrt:nlsdata.obj
 0002:00001608       ??_C@_03IFJFEIGA@Aug?$AA@  0000000180010608     libucrt:nlsdata.obj
 0002:0000160c       ??_C@_03GGCAPAJC@Sep?$AA@  000000018001060c     libucrt:nlsdata.obj
 0002:00001610       ??_C@_03BMAOKBAD@Oct?$AA@  0000000180010610     libucrt:nlsdata.obj
 0002:00001614       ??_C@_03JPJOFNIA@Nov?$AA@  0000000180010614     libucrt:nlsdata.obj
 0002:00001618       ??_C@_03MKABNOCG@Dec?$AA@  0000000180010618     libucrt:nlsdata.obj
 0002:00001620       ??_C@_07CGJPFGJA@January?$AA@ 0000000180010620     libucrt:nlsdata.obj
 0002:00001628       ??_C@_08GNJGEPFN@February?$AA@ 0000000180010628     libucrt:nlsdata.obj
 0002:00001634       ??_C@_05HPCKOFNC@March?$AA@ 0000000180010634     libucrt:nlsdata.obj
 0002:0000163c       ??_C@_05DMJDNLEJ@April?$AA@ 000000018001063c     libucrt:nlsdata.obj
 0002:00001644       ??_C@_04CNLMGBGM@June?$AA@ 0000000180010644     libucrt:nlsdata.obj
 0002:0000164c       ??_C@_04MIEPOIFP@July?$AA@ 000000018001064c     libucrt:nlsdata.obj
 0002:00001654       ??_C@_06LBBHFDDG@August?$AA@ 0000000180010654     libucrt:nlsdata.obj
 0002:00001660       ??_C@_09BHHEALKD@September?$AA@ 0000000180010660     libucrt:nlsdata.obj
 0002:00001670       ??_C@_07JJNFCEND@October?$AA@ 0000000180010670     libucrt:nlsdata.obj
 0002:00001678       ??_C@_08HCHEGEOA@November?$AA@ 0000000180010678     libucrt:nlsdata.obj
 0002:00001688       ??_C@_08EDHMEBNP@December?$AA@ 0000000180010688     libucrt:nlsdata.obj
 0002:00001694       ??_C@_02DEDBPAFC@AM?$AA@   0000000180010694     libucrt:nlsdata.obj
 0002:00001698       ??_C@_02CJNFDJBF@PM?$AA@   0000000180010698     libucrt:nlsdata.obj
 0002:000016a0       ??_C@_08BPBNCDIB@MM?1dd?1yy?$AA@ 00000001800106a0     libucrt:nlsdata.obj
 0002:000016b0       ??_C@_0BE@CKGJFCPC@dddd?0?5MMMM?5dd?0?5yyyy?$AA@ 00000001800106b0     libucrt:nlsdata.obj
 0002:000016c8       ??_C@_08JCCMCCIL@HH?3mm?3ss?$AA@ 00000001800106c8     libucrt:nlsdata.obj
 0002:000016d8       ??_C@_17MBGCMIPB@?$AAS?$AAu?$AAn?$AA?$AA@ 00000001800106d8     libucrt:nlsdata.obj
 0002:000016e0       ??_C@_17KBOMKBF@?$AAM?$AAo?$AAn?$AA?$AA@ 00000001800106e0     libucrt:nlsdata.obj
 0002:000016e8       ??_C@_17BMKGEGOJ@?$AAT?$AAu?$AAe?$AA?$AA@ 00000001800106e8     libucrt:nlsdata.obj
 0002:000016f0       ??_C@_17CJEDCEPE@?$AAW?$AAe?$AAd?$AA?$AA@ 00000001800106f0     libucrt:nlsdata.obj
 0002:000016f8       ??_C@_17PDPHAADD@?$AAT?$AAh?$AAu?$AA?$AA@ 00000001800106f8     libucrt:nlsdata.obj
 0002:00001700       ??_C@_17HFOLPPLP@?$AAF?$AAr?$AAi?$AA?$AA@ 0000000180010700     libucrt:nlsdata.obj
 0002:00001708       ??_C@_17GGIBDPIH@?$AAS?$AAa?$AAt?$AA?$AA@ 0000000180010708     libucrt:nlsdata.obj
 0002:00001710       ??_C@_1O@IHNHDHPB@?$AAS?$AAu?$AAn?$AAd?$AAa?$AAy?$AA?$AA@ 0000000180010710     libucrt:nlsdata.obj
 0002:00001720       ??_C@_1O@MMNBFLIA@?$AAM?$AAo?$AAn?$AAd?$AAa?$AAy?$AA?$AA@ 0000000180010720     libucrt:nlsdata.obj
 0002:00001730       ??_C@_1BA@ENFBFFEK@?$AAT?$AAu?$AAe?$AAs?$AAd?$AAa?$AAy?$AA?$AA@ 0000000180010730     libucrt:nlsdata.obj
 0002:00001740       ??_C@_1BE@EBOGMDOH@?$AAW?$AAe?$AAd?$AAn?$AAe?$AAs?$AAd?$AAa?$AAy?$AA?$AA@ 0000000180010740     libucrt:nlsdata.obj
 0002:00001758       ??_C@_1BC@HHMNLIHE@?$AAT?$AAh?$AAu?$AAr?$AAs?$AAd?$AAa?$AAy?$AA?$AA@ 0000000180010758     libucrt:nlsdata.obj
 0002:00001770       ??_C@_1O@PDICJHAG@?$AAF?$AAr?$AAi?$AAd?$AAa?$AAy?$AA?$AA@ 0000000180010770     libucrt:nlsdata.obj
 0002:00001780       ??_C@_1BC@ENMNNPAJ@?$AAS?$AAa?$AAt?$AAu?$AAr?$AAd?$AAa?$AAy?$AA?$AA@ 0000000180010780     libucrt:nlsdata.obj
 0002:00001798       ??_C@_17DKNBKCHM@?$AAJ?$AAa?$AAn?$AA?$AA@ 0000000180010798     libucrt:nlsdata.obj
 0002:000017a0       ??_C@_17LMDJEKJN@?$AAF?$AAe?$AAb?$AA?$AA@ 00000001800107a0     libucrt:nlsdata.obj
 0002:000017a8       ??_C@_17CKNLEDEC@?$AAM?$AAa?$AAr?$AA?$AA@ 00000001800107a8     libucrt:nlsdata.obj
 0002:000017b0       ??_C@_17LFPOIHDD@?$AAA?$AAp?$AAr?$AA?$AA@ 00000001800107b0     libucrt:nlsdata.obj
 0002:000017b8       ??_C@_17PNNKMEED@?$AAM?$AAa?$AAy?$AA?$AA@ 00000001800107b8     libucrt:nlsdata.obj
 0002:000017c0       ??_C@_17KCJGOCPB@?$AAJ?$AAu?$AAn?$AA?$AA@ 00000001800107c0     libucrt:nlsdata.obj
 0002:000017c8       ??_C@_17IJPCKHK@?$AAJ?$AAu?$AAl?$AA?$AA@ 00000001800107c8     libucrt:nlsdata.obj
 0002:000017d0       ??_C@_17ICPELBCN@?$AAA?$AAu?$AAg?$AA?$AA@ 00000001800107d0     libucrt:nlsdata.obj
 0002:000017d8       ??_C@_17HCHCOKMG@?$AAS?$AAe?$AAp?$AA?$AA@ 00000001800107d8     libucrt:nlsdata.obj
 0002:000017e0       ??_C@_17FNLKOI@?$AAO?$AAc?$AAt?$AA?$AA@ 00000001800107e0     libucrt:nlsdata.obj
 0002:000017e8       ??_C@_17BBDMLCIG@?$AAN?$AAo?$AAv?$AA?$AA@ 00000001800107e8     libucrt:nlsdata.obj
 0002:000017f0       ??_C@_17EGKACKIF@?$AAD?$AAe?$AAc?$AA?$AA@ 00000001800107f0     libucrt:nlsdata.obj
 0002:000017f8       ??_C@_1BA@EFMEIEBA@?$AAJ?$AAa?$AAn?$AAu?$AAa?$AAr?$AAy?$AA?$AA@ 00000001800107f8     libucrt:nlsdata.obj
 0002:00001808       ??_C@_1BC@JGDDFFAM@?$AAF?$AAe?$AAb?$AAr?$AAu?$AAa?$AAr?$AAy?$AA?$AA@ 0000000180010808     libucrt:nlsdata.obj
 0002:00001820       ??_C@_1M@IKEENEDF@?$AAM?$AAa?$AAr?$AAc?$AAh?$AA?$AA@ 0000000180010820     libucrt:nlsdata.obj
 0002:00001830       ??_C@_1M@GJNLMHFD@?$AAA?$AAp?$AAr?$AAi?$AAl?$AA?$AA@ 0000000180010830     libucrt:nlsdata.obj
 0002:00001840       ??_C@_19EPFLPGAP@?$AAJ?$AAu?$AAn?$AAe?$AA?$AA@ 0000000180010840     libucrt:nlsdata.obj
 0002:00001850       ??_C@_19BIFMLPCD@?$AAJ?$AAu?$AAl?$AAy?$AA?$AA@ 0000000180010850     libucrt:nlsdata.obj
 0002:00001860       ??_C@_1O@PAHLKOAC@?$AAA?$AAu?$AAg?$AAu?$AAs?$AAt?$AA?$AA@ 0000000180010860     libucrt:nlsdata.obj
 0002:00001870       ??_C@_1BE@DKAAMBJL@?$AAS?$AAe?$AAp?$AAt?$AAe?$AAm?$AAb?$AAe?$AAr?$AA?$AA@ 0000000180010870     libucrt:nlsdata.obj
 0002:00001888       ??_C@_1BA@EPANDLNG@?$AAO?$AAc?$AAt?$AAo?$AAb?$AAe?$AAr?$AA?$AA@ 0000000180010888     libucrt:nlsdata.obj
 0002:00001898       ??_C@_1BC@BGLIFPF@?$AAN?$AAo?$AAv?$AAe?$AAm?$AAb?$AAe?$AAr?$AA?$AA@ 0000000180010898     libucrt:nlsdata.obj
 0002:000018b0       ??_C@_1BC@FEMKIFH@?$AAD?$AAe?$AAc?$AAe?$AAm?$AAb?$AAe?$AAr?$AA?$AA@ 00000001800108b0     libucrt:nlsdata.obj
 0002:000018c4       ??_C@_15ODEHAHHF@?$AAA?$AAM?$AA?$AA@ 00000001800108c4     libucrt:nlsdata.obj
 0002:000018cc       ??_C@_15CLMNNGEL@?$AAP?$AAM?$AA?$AA@ 00000001800108cc     libucrt:nlsdata.obj
 0002:000018d8       ??_C@_1BC@IEBCMHCM@?$AAM?$AAM?$AA?1?$AAd?$AAd?$AA?1?$AAy?$AAy?$AA?$AA@ 00000001800108d8     libucrt:nlsdata.obj
 0002:000018f0       ??_C@_1CI@KNAKOEBC@?$AAd?$AAd?$AAd?$AAd?$AA?0?$AA?5?$AAM?$AAM?$AAM?$AAM?$AA?5?$AAd?$AAd?$AA?0?$AA?5?$AAy?$AAy?$AAy?$AAy?$AA?$AA@ 00000001800108f0     libucrt:nlsdata.obj
 0002:00001918       ??_C@_1BC@GDGBMEMK@?$AAH?$AAH?$AA?3?$AAm?$AAm?$AA?3?$AAs?$AAs?$AA?$AA@ 0000000180010918     libucrt:nlsdata.obj
 0002:00001930       ??_C@_1M@BMHNFIME@?$AAe?$AAn?$AA?9?$AAU?$AAS?$AA?$AA@ 0000000180010930     libucrt:nlsdata.obj
 0002:00001960       ??_C@_1M@HPNHIDJI@?$AAj?$AAa?$AA?9?$AAJ?$AAP?$AA?$AA@ 0000000180010960     libucrt:mbctype.obj
 0002:00001970       ??_C@_1M@BIBDDEMK@?$AAz?$AAh?$AA?9?$AAC?$AAN?$AA?$AA@ 0000000180010970     libucrt:mbctype.obj
 0002:00001980       ??_C@_1M@JLOOOEGK@?$AAk?$AAo?$AA?9?$AAK?$AAR?$AA?$AA@ 0000000180010980     libucrt:mbctype.obj
 0002:00001990       ??_C@_1M@CLNBBOPM@?$AAz?$AAh?$AA?9?$AAT?$AAW?$AA?$AA@ 0000000180010990     libucrt:mbctype.obj
 0002:00001a40       ??_C@_1EA@JGEFHKEI@?$AAa?$AAp?$AAi?$AA?9?$AAm?$AAs?$AA?9?$AAw?$AAi?$AAn?$AA?9?$AAc?$AAo?$AAr?$AAe?$AA?9?$AAd?$AAa?$AAt?$AAe?$AAt?$AAi?$AAm?$AAe?$AA?9?$AAl?$AA1?$AA?9?$AA1?$AA?9?$AA1?$AA?$AA@ 0000000180010a40     libucrt:winapi_thunks.obj
 0002:00001a80       ??_C@_1DM@KHCHBNEB@?$AAa?$AAp?$AAi?$AA?9?$AAm?$AAs?$AA?9?$AAw?$AAi?$AAn?$AA?9?$AAc?$AAo?$AAr?$AAe?$AA?9?$AAf?$AAi?$AAb?$AAe?$AAr?$AAs?$AA?9?$AAl?$AA1?$AA?9?$AA1?$AA?9?$AA1?$AA?$AA@ 0000000180010a80     libucrt:winapi_thunks.obj
 0002:00001ac0       ??_C@_1DI@IJCEHOCB@?$AAa?$AAp?$AAi?$AA?9?$AAm?$AAs?$AA?9?$AAw?$AAi?$AAn?$AA?9?$AAc?$AAo?$AAr?$AAe?$AA?9?$AAf?$AAi?$AAl?$AAe?$AA?9?$AAl?$AA1?$AA?9?$AA2?$AA?9?$AA2?$AA?$AA@ 0000000180010ac0     libucrt:winapi_thunks.obj
 0002:00001b00       ??_C@_1EI@MPIAOHOC@?$AAa?$AAp?$AAi?$AA?9?$AAm?$AAs?$AA?9?$AAw?$AAi?$AAn?$AA?9?$AAc?$AAo?$AAr?$AAe?$AA?9?$AAl?$AAo?$AAc?$AAa?$AAl?$AAi?$AAz?$AAa?$AAt?$AAi?$AAo?$AAn?$AA?9?$AAl?$AA1?$AA?9@ 0000000180010b00     libucrt:winapi_thunks.obj
 0002:00001b50       ??_C@_1FK@FPHCKFIE@?$AAa?$AAp?$AAi?$AA?9?$AAm?$AAs?$AA?9?$AAw?$AAi?$AAn?$AA?9?$AAc?$AAo?$AAr?$AAe?$AA?9?$AAl?$AAo?$AAc?$AAa?$AAl?$AAi?$AAz?$AAa?$AAt?$AAi?$AAo?$AAn?$AA?9?$AAo?$AAb?$AAs@ 0000000180010b50     libucrt:winapi_thunks.obj
 0002:00001bb0       ??_C@_1EM@DILCGIIO@?$AAa?$AAp?$AAi?$AA?9?$AAm?$AAs?$AA?9?$AAw?$AAi?$AAn?$AA?9?$AAc?$AAo?$AAr?$AAe?$AA?9?$AAp?$AAr?$AAo?$AAc?$AAe?$AAs?$AAs?$AAt?$AAh?$AAr?$AAe?$AAa?$AAd?$AAs?$AA?9?$AAl@ 0000000180010bb0     libucrt:winapi_thunks.obj
 0002:00001c00       ??_C@_1DM@LNCGDDPN@?$AAa?$AAp?$AAi?$AA?9?$AAm?$AAs?$AA?9?$AAw?$AAi?$AAn?$AA?9?$AAc?$AAo?$AAr?$AAe?$AA?9?$AAs?$AAt?$AAr?$AAi?$AAn?$AAg?$AA?9?$AAl?$AA1?$AA?9?$AA1?$AA?9?$AA0?$AA?$AA@ 0000000180010c00     libucrt:winapi_thunks.obj
 0002:00001c40       ??_C@_1DK@LPPGFMPP@?$AAa?$AAp?$AAi?$AA?9?$AAm?$AAs?$AA?9?$AAw?$AAi?$AAn?$AA?9?$AAc?$AAo?$AAr?$AAe?$AA?9?$AAs?$AAy?$AAn?$AAc?$AAh?$AA?9?$AAl?$AA1?$AA?9?$AA2?$AA?9?$AA0?$AA?$AA@ 0000000180010c40     libucrt:winapi_thunks.obj
 0002:00001c80       ??_C@_1DO@FPAPJEMD@?$AAa?$AAp?$AAi?$AA?9?$AAm?$AAs?$AA?9?$AAw?$AAi?$AAn?$AA?9?$AAc?$AAo?$AAr?$AAe?$AA?9?$AAs?$AAy?$AAs?$AAi?$AAn?$AAf?$AAo?$AA?9?$AAl?$AA1?$AA?9?$AA2?$AA?9?$AA1?$AA?$AA@ 0000000180010c80     libucrt:winapi_thunks.obj
 0002:00001cc0       ??_C@_1DK@NDHNAHIO@?$AAa?$AAp?$AAi?$AA?9?$AAm?$AAs?$AA?9?$AAw?$AAi?$AAn?$AA?9?$AAc?$AAo?$AAr?$AAe?$AA?9?$AAw?$AAi?$AAn?$AAr?$AAt?$AA?9?$AAl?$AA1?$AA?9?$AA1?$AA?9?$AA0?$AA?$AA@ 0000000180010cc0     libucrt:winapi_thunks.obj
 0002:00001d00       ??_C@_1DM@KGHDGBCM@?$AAa?$AAp?$AAi?$AA?9?$AAm?$AAs?$AA?9?$AAw?$AAi?$AAn?$AA?9?$AAc?$AAo?$AAr?$AAe?$AA?9?$AAx?$AAs?$AAt?$AAa?$AAt?$AAe?$AA?9?$AAl?$AA2?$AA?9?$AA1?$AA?9?$AA0?$AA?$AA@ 0000000180010d00     libucrt:winapi_thunks.obj
 0002:00001d40       ??_C@_1EO@IJIOEFOH@?$AAa?$AAp?$AAi?$AA?9?$AAm?$AAs?$AA?9?$AAw?$AAi?$AAn?$AA?9?$AAr?$AAt?$AAc?$AAo?$AAr?$AAe?$AA?9?$AAn?$AAt?$AAu?$AAs?$AAe?$AAr?$AA?9?$AAw?$AAi?$AAn?$AAd?$AAo?$AAw?$AA?9@ 0000000180010d40     libucrt:winapi_thunks.obj
 0002:00001d90       ??_C@_1FG@HHGEKANL@?$AAa?$AAp?$AAi?$AA?9?$AAm?$AAs?$AA?9?$AAw?$AAi?$AAn?$AA?9?$AAs?$AAe?$AAc?$AAu?$AAr?$AAi?$AAt?$AAy?$AA?9?$AAs?$AAy?$AAs?$AAt?$AAe?$AAm?$AAf?$AAu?$AAn?$AAc?$AAt?$AAi@ 0000000180010d90     libucrt:winapi_thunks.obj
 0002:00001df0       ??_C@_1EG@DBIOJECG@?$AAe?$AAx?$AAt?$AA?9?$AAm?$AAs?$AA?9?$AAw?$AAi?$AAn?$AA?9?$AAn?$AAt?$AAu?$AAs?$AAe?$AAr?$AA?9?$AAd?$AAi?$AAa?$AAl?$AAo?$AAg?$AAb?$AAo?$AAx?$AA?9?$AAl?$AA1?$AA?9?$AA1@ 0000000180010df0     libucrt:winapi_thunks.obj
 0002:00001e40       ??_C@_1EO@FIHMJCLF@?$AAe?$AAx?$AAt?$AA?9?$AAm?$AAs?$AA?9?$AAw?$AAi?$AAn?$AA?9?$AAn?$AAt?$AAu?$AAs?$AAe?$AAr?$AA?9?$AAw?$AAi?$AAn?$AAd?$AAo?$AAw?$AAs?$AAt?$AAa?$AAt?$AAi?$AAo?$AAn?$AA?9@ 0000000180010e40     libucrt:winapi_thunks.obj
 0002:00001e90       ??_C@_1BC@DNHGCMLG@?$AAa?$AAd?$AAv?$AAa?$AAp?$AAi?$AA3?$AA2?$AA?$AA@ 0000000180010e90     libucrt:winapi_thunks.obj
 0002:00001ea8       ??_C@_1BC@GDMECMAK@?$AAk?$AAe?$AAr?$AAn?$AAe?$AAl?$AA3?$AA2?$AA?$AA@ 0000000180010ea8     libucrt:winapi_thunks.obj
 0002:00001ec0       ??_C@_1M@OAIMIKLP@?$AAn?$AAt?$AAd?$AAl?$AAl?$AA?$AA@ 0000000180010ec0     libucrt:winapi_thunks.obj
 0002:00001ed0       ??_C@_1EG@DPGNFKGC@?$AAa?$AAp?$AAi?$AA?9?$AAm?$AAs?$AA?9?$AAw?$AAi?$AAn?$AA?9?$AAa?$AAp?$AAp?$AAm?$AAo?$AAd?$AAe?$AAl?$AA?9?$AAr?$AAu?$AAn?$AAt?$AAi?$AAm?$AAe?$AA?9?$AAl?$AA1?$AA?9?$AA1@ 0000000180010ed0     libucrt:winapi_thunks.obj
 0002:00001f18       ??_C@_1O@BCCLBEOE@?$AAu?$AAs?$AAe?$AAr?$AA3?$AA2?$AA?$AA@ 0000000180010f18     libucrt:winapi_thunks.obj
 0002:00001f28       ??_C@_1BA@PFFKHIOG@?$AAa?$AAp?$AAi?$AA?9?$AAm?$AAs?$AA?9?$AA?$AA@ 0000000180010f28     libucrt:winapi_thunks.obj
 0002:00001f38       ??_C@_1BA@IAIFMGEF@?$AAe?$AAx?$AAt?$AA?9?$AAm?$AAs?$AA?9?$AA?$AA@ 0000000180010f38     libucrt:winapi_thunks.obj
 0002:00001f50       ??_C@_08KNHFBNJ@FlsAlloc?$AA@ 0000000180010f50     libucrt:winapi_thunks.obj
 0002:00001f68       ??_C@_07PEJMOBNF@FlsFree?$AA@ 0000000180010f68     libucrt:winapi_thunks.obj
 0002:00001f78       ??_C@_0M@GDNOONDI@FlsGetValue?$AA@ 0000000180010f78     libucrt:winapi_thunks.obj
 0002:00001f90       ??_C@_0M@JCPCPOEF@FlsSetValue?$AA@ 0000000180010f90     libucrt:winapi_thunks.obj
 0002:00001fa8       ??_C@_0BM@HCFOFFN@InitializeCriticalSectionEx?$AA@ 0000000180010fa8     libucrt:winapi_thunks.obj
 0002:00001fd0       ??_C@_0O@KKBNKAPF@LCMapStringEx?$AA@ 0000000180010fd0     libucrt:winapi_thunks.obj
 0002:00001fe8       ??_C@_0BB@HBDEELFH@LocaleNameToLCID?$AA@ 0000000180010fe8     libucrt:winapi_thunks.obj
 0002:00002000       ??_C@_0CF@OJOFEIGO@AppPolicyGetProcessTerminationMe@ 0000000180011000     libucrt:winapi_thunks.obj
 0002:00002030       __newctype                 0000000180011030     libucrt:ctype.obj
 0002:00002330       __newclmap                 0000000180011330     libucrt:ctype.obj
 0002:000024b0       __newcumap                 00000001800114b0     libucrt:ctype.obj
 0002:00002630       ??_C@_15PJPFLCCM@?$AAu?$AAk?$AA?$AA@ 0000000180011630     libucrt:get_qualified_locale.obj
 0002:00003480       ??_C@_15EMKDOKLE@?$AAa?$AAr?$AA?$AA@ 0000000180012480     libucrt:lcidtoname_downlevel.obj
 0002:00003488       ??_C@_15KNPADPLH@?$AAb?$AAg?$AA?$AA@ 0000000180012488     libucrt:lcidtoname_downlevel.obj
 0002:00003490       ??_C@_15EDMHLDMO@?$AAc?$AAa?$AA?$AA@ 0000000180012490     libucrt:lcidtoname_downlevel.obj
 0002:00003498       ??_C@_1O@BPEAJADD@?$AAz?$AAh?$AA?9?$AAC?$AAH?$AAS?$AA?$AA@ 0000000180012498     libucrt:lcidtoname_downlevel.obj
 0002:000034a8       ??_C@_15LJNHCMNK@?$AAc?$AAs?$AA?$AA@ 00000001800124a8     libucrt:lcidtoname_downlevel.obj
 0002:000034b0       ??_C@_15FOMCIDHG@?$AAd?$AAa?$AA?$AA@ 00000001800124b0     libucrt:lcidtoname_downlevel.obj
 0002:000034b8       ??_C@_15NBKABECB@?$AAd?$AAe?$AA?$AA@ 00000001800124b8     libucrt:lcidtoname_downlevel.obj
 0002:000034c0       ??_C@_15GHPEIIAO@?$AAe?$AAl?$AA?$AA@ 00000001800124c0     libucrt:lcidtoname_downlevel.obj
 0002:000034c8       ??_C@_15MNPNEAIF@?$AAe?$AAn?$AA?$AA@ 00000001800124c8     libucrt:lcidtoname_downlevel.obj
 0002:000034d0       ??_C@_15GPIOMPMH@?$AAe?$AAs?$AA?$AA@ 00000001800124d0     libucrt:lcidtoname_downlevel.obj
 0002:000034d8       ??_C@_15NGLOAKJC@?$AAf?$AAi?$AA?$AA@ 00000001800124d8     libucrt:lcidtoname_downlevel.obj
 0002:000034e0       ??_C@_15FBKGNKAM@?$AAf?$AAr?$AA?$AA@ 00000001800124e0     libucrt:lcidtoname_downlevel.obj
 0002:000034e8       ??_C@_15KGGCNEFK@?$AAh?$AAe?$AA?$AA@ 00000001800124e8     libucrt:lcidtoname_downlevel.obj
 0002:000034f0       ??_C@_15PGHLIDMF@?$AAh?$AAu?$AA?$AA@ 00000001800124f0     libucrt:lcidtoname_downlevel.obj
 0002:000034f8       ??_C@_15BIEMAPLM@?$AAi?$AAs?$AA?$AA@ 00000001800124f8     libucrt:lcidtoname_downlevel.obj
 0002:00003500       ??_C@_15IFJLDHAF@?$AAi?$AAt?$AA?$AA@ 0000000180012500     libucrt:lcidtoname_downlevel.obj
 0002:00003508       ??_C@_15GEMIOCAG@?$AAj?$AAa?$AA?$AA@ 0000000180012508     libucrt:lcidtoname_downlevel.obj
 0002:00003510       ??_C@_15EPELEGJA@?$AAk?$AAo?$AA?$AA@ 0000000180012510     libucrt:lcidtoname_downlevel.obj
 0002:00003518       ??_C@_15NDDHIMN@?$AAn?$AAl?$AA?$AA@ 0000000180012518     libucrt:lcidtoname_downlevel.obj
 0002:00003520       ??_C@_15BPIGNHCD@?$AAn?$AAo?$AA?$AA@ 0000000180012520     libucrt:lcidtoname_downlevel.obj
 0002:00003528       ??_C@_15DEOPBLCG@?$AAp?$AAl?$AA?$AA@ 0000000180012528     libucrt:lcidtoname_downlevel.obj
 0002:00003530       ??_C@_15KBECGEFG@?$AAp?$AAt?$AA?$AA@ 0000000180012530     libucrt:lcidtoname_downlevel.obj
 0002:00003538       ??_C@_15GLJCBFMD@?$AAr?$AAo?$AA?$AA@ 0000000180012538     libucrt:lcidtoname_downlevel.obj
 0002:00003540       ??_C@_15FEDGKCDI@?$AAr?$AAu?$AA?$AA@ 0000000180012540     libucrt:lcidtoname_downlevel.obj
 0002:00003548       ??_C@_15GLKMLLHM@?$AAh?$AAr?$AA?$AA@ 0000000180012548     libucrt:lcidtoname_downlevel.obj
 0002:00003550       ??_C@_15CPKMFBDB@?$AAs?$AAk?$AA?$AA@ 0000000180012550     libucrt:lcidtoname_downlevel.obj
 0002:00003558       ??_C@_15BAAIOGMK@?$AAs?$AAq?$AA?$AA@ 0000000180012558     libucrt:lcidtoname_downlevel.obj
 0002:00003560       ??_C@_15INNPNOHD@?$AAs?$AAv?$AA?$AA@ 0000000180012560     libucrt:lcidtoname_downlevel.obj
 0002:00003568       ??_C@_15CABMMOGH@?$AAt?$AAh?$AA?$AA@ 0000000180012568     libucrt:lcidtoname_downlevel.obj
 0002:00003570       ??_C@_15BPLIHJJM@?$AAt?$AAr?$AA?$AA@ 0000000180012570     libucrt:lcidtoname_downlevel.obj
 0002:00003578       ??_C@_15NEOEKKDJ@?$AAu?$AAr?$AA?$AA@ 0000000180012578     libucrt:lcidtoname_downlevel.obj
 0002:00003580       ??_C@_15NFICGAJK@?$AAi?$AAd?$AA?$AA@ 0000000180012580     libucrt:lcidtoname_downlevel.obj
 0002:00003588       ??_C@_15HPJPHDM@?$AAb?$AAe?$AA?$AA@ 0000000180012588     libucrt:lcidtoname_downlevel.obj
 0002:00003590       ??_C@_15LCHLGJII@?$AAs?$AAl?$AA?$AA@ 0000000180012590     libucrt:lcidtoname_downlevel.obj
 0002:00003598       ??_C@_15PCFJPHHO@?$AAe?$AAt?$AA?$AA@ 0000000180012598     libucrt:lcidtoname_downlevel.obj
 0002:000035a0       ??_C@_15HPFPGODN@?$AAl?$AAv?$AA?$AA@ 00000001800125a0     libucrt:lcidtoname_downlevel.obj
 0002:000035a8       ??_C@_15NFFGKGLG@?$AAl?$AAt?$AA?$AA@ 00000001800125a8     libucrt:lcidtoname_downlevel.obj
 0002:000035b0       ??_C@_15BDAKCCHN@?$AAf?$AAa?$AA?$AA@ 00000001800125b0     libucrt:lcidtoname_downlevel.obj
 0002:000035b8       ??_C@_15NFGIAIAJ@?$AAv?$AAi?$AA?$AA@ 00000001800125b8     libucrt:lcidtoname_downlevel.obj
 0002:000035c0       ??_C@_15LMKNDMHN@?$AAh?$AAy?$AA?$AA@ 00000001800125c0     libucrt:lcidtoname_downlevel.obj
[...]
 0004:00000a2c       $pdata$??$?RV<lambda_886d6c58226a84441f68b9f2b8217b83>@@AEAV<lambda_ab61a845afdef5b7c387490eaf3616ee>@@V<lambda_f7f22ab5edc0698d5f6905b0d3f44752>@@@?$__crt_seh_guarded_call@X@@QEAAX$$QEAV<lambda_886d6c58226a84441f68b9f2b8217b83>@@AEAV<lambda_ab61a845afdef5b7c387490eaf3616ee>@@$$QEAV<lambda_f7f22ab5edc0698d5f6905b0d3f44752>@@@Z 000000018001ba2c     libucrt:fflush.obj
 0004:00000a38       $pdata$?common_flush_all@@YAH_N@Z 000000018001ba38     libucrt:fflush.obj
 0004:00000a44       $pdata$__acrt_stdio_flush_nolock 000000018001ba44     libucrt:fflush.obj
 0004:00000a50       $pdata$_fflush_nolock      000000018001ba50     libucrt:fflush.obj
 0004:00000a5c       $pdata$__acrt_initialize_stdio 000000018001ba5c     libucrt:_file.obj
 0004:00000a68       $pdata$__acrt_uninitialize_stdio 000000018001ba68     libucrt:_file.obj
 0004:00000a74       $pdata$_malloc_base        000000018001ba74     libucrt:malloc_base.obj
 0004:00000a80       $pdata$_mbtowc_l           000000018001ba80     libucrt:mbtowc.obj
 0004:00000a8c       $pdata$_fileno             000000018001ba8c     libucrt:fileno.obj
 0004:00000a98       $pdata$__pctype_func       000000018001ba98     libucrt:ctype.obj
 0004:00000aa4       $pdata$_isctype_l          000000018001baa4     libucrt:isctype.obj
 0004:00000ab0       $pdata$_isleadbyte_l       000000018001bab0     libucrt:_wctype.obj
 0004:00000abc       $pdata$?__acrt_LCMapStringA_stat@@YAHPEAU__crt_locale_pointers@@PEB_WKPEBDHPEADHHH@Z 000000018001babc     libucrt:lcmapstringa.obj
 0004:00000ac8       $pdata$__acrt_LCMapStringA 000000018001bac8     libucrt:lcmapstringa.obj
 0004:00000ad4       $pdata$__acrt_free_locale  000000018001bad4     libucrt:locale_refcounting.obj
 0004:00000ae0       $pdata$__acrt_locale_free_lc_time_if_unreferenced 000000018001bae0     libucrt:locale_refcounting.obj
 0004:00000aec       $pdata$__acrt_release_locale_ref 000000018001baec     libucrt:locale_refcounting.obj
 0004:00000af8       $pdata$__acrt_update_thread_locale_data 000000018001baf8     libucrt:locale_refcounting.obj
 0004:00000b04       $pdata$_updatetlocinfoEx_nolock 000000018001bb04     libucrt:locale_refcounting.obj
 0004:00000b10       $pdata$__acrt_locale_free_monetary 000000018001bb10     libucrt:initmon.obj
 0004:00000b1c       $pdata$__acrt_locale_free_numeric 000000018001bb1c     libucrt:initnum.obj
 0004:00000b28       $pdata$?free_crt_array_internal@@YAXQEAPEBX_K@Z 000000018001bb28     libucrt:inittime.obj
 0004:00000b34       $pdata$__acrt_locale_free_time 000000018001bb34     libucrt:inittime.obj
 0004:00000b40       $pdata$__acrt_GetStringTypeA 000000018001bb40     libucrt:getstringtypea.obj
 0004:00000b4c       $pdata$qsort               000000018001bb4c     libucrt:qsort.obj
 0004:00000b58       $pdata$4$qsort             000000018001bb58     libucrt:qsort.obj
 0004:00000b64       $pdata$5$qsort             000000018001bb64     libucrt:qsort.obj
 0004:00000b70       $pdata$strncpy_s           000000018001bb70     libucrt:strncpy_s.obj
 0004:00000b7c       $pdata$fallbackMethod      000000018001bb7c     libucrt:strpbrk.obj
 0004:00000b88       $pdata$strpbrk             000000018001bb88     libucrt:strpbrk.obj
 0004:00000b94       $pdata$??$__acrt_convert_wcs_mbs@D_W$$A6A_KPEA_WPEBD_KPEAU__crt_locale_pointers@@@ZU__crt_win32_buffer_internal_dynamic_resizing@@@@YAHQEBDAEAV?$__crt_win32_buffer@_WU__crt_win32_buffer_internal_dynamic_resizing@@@@A6A_KPEA_WPEBD_KPEAU__crt_locale_pointers@@@Z5@Z 000000018001bb94     libucrt:findfirstfileexa.obj
 0004:00000ba0       $pdata$__acrt_FindFirstFileExA 000000018001bba0     libucrt:findfirstfileexa.obj
 0004:00000bac       $pdata$??$__acrt_convert_wcs_mbs@_WD$$A6A_KPEADPEB_W_KPEAU__crt_locale_pointers@@@ZU__crt_win32_buffer_no_resizing@@@@YAHQEB_WAEAV?$__crt_win32_buffer@DU__crt_win32_buffer_no_resizing@@@@A6A_KPEADPEB_W_KPEAU__crt_locale_pointers@@@Z5@Z 000000018001bbac     libucrt:findnextfilea.obj
 0004:00000bb8       $pdata$__acrt_FindNextFileA 000000018001bbb8     libucrt:findnextfilea.obj
 0004:00000bc4       $pdata$_mbsdec_l           000000018001bbc4     libucrt:mbsdec.obj
 0004:00000bd0       $pdata$?_mbstowcs_l_helper@@YA_KPEA_WPEBD_KPEAU__crt_locale_pointers@@@Z 000000018001bbd0     libucrt:mbstowcs.obj
 0004:00000bdc       $pdata$?initialize_multibyte@@YAHXZ 000000018001bbdc     libucrt:multibyte_initializer.obj
 0004:00000be8       $pdata$_msize_base         000000018001bbe8     libucrt:msize.obj
 0004:00000bf4       $pdata$_realloc_base       000000018001bbf4     libucrt:realloc_base.obj
 0004:00000c00       $pdata$?GetTableIndexFromLocaleName@@YAHPEB_W@Z 000000018001bc00     libucrt:lcidtoname_downlevel.obj
 0004:00000c0c       $pdata$__acrt_DownlevelLocaleNameToLCID 000000018001bc0c     libucrt:lcidtoname_downlevel.obj
 0004:00000c18       $pdata$__acrt_lowio_create_handle_array 000000018001bc18     libucrt:osfinfo.obj
 0004:00000c24       $pdata$__acrt_lowio_destroy_handle_array 000000018001bc24     libucrt:osfinfo.obj
 0004:00000c30       $pdata$__acrt_lowio_ensure_fh_exists 000000018001bc30     libucrt:osfinfo.obj
 0004:00000c3c       $pdata$_free_osfhnd        000000018001bc3c     libucrt:osfinfo.obj
 0004:00000c48       $pdata$_get_osfhandle      000000018001bc48     libucrt:osfinfo.obj
 0004:00000c54       $pdata$??$?RV<lambda_a37b2b86f63e897a80ea819b0eb08c01>@@AEAV<lambda_38ce7e780aa69e748d6df282ebc68efe>@@V<lambda_99fb1378e971ab6e7edea83e3a7a83a2>@@@?$__crt_seh_guarded_call@H@@QEAAH$$QEAV<lambda_a37b2b86f63e897a80ea819b0eb08c01>@@AEAV<lambda_38ce7e780aa69e748d6df282ebc68efe>@@$$QEAV<lambda_99fb1378e971ab6e7edea83e3a7a83a2>@@@Z 000000018001bc54     libucrt:commit.obj
 0004:00000c60       $pdata$_commit             000000018001bc60     libucrt:commit.obj
 0004:00000c6c       $pdata$?write_double_translated_ansi_nolock@@YA?AUwrite_result@?A0x17268360@@HQEBDI@Z 000000018001bc6c     libucrt:write.obj
 0004:00000c78       $pdata$?write_text_ansi_nolock@@YA?AUwrite_result@?A0x17268360@@HQEBDI@Z 000000018001bc78     libucrt:write.obj
 0004:00000c84       $pdata$?write_text_utf16le_nolock@@YA?AUwrite_result@?A0x17268360@@HQEBDI@Z 000000018001bc84     libucrt:write.obj
 0004:00000c90       $pdata$?write_text_utf8_nolock@@YA?AUwrite_result@?A0x17268360@@HQEBDI@Z 000000018001bc90     libucrt:write.obj
 0004:00000c9c       $pdata$_write              000000018001bc9c     libucrt:write.obj
 0004:00000ca8       $pdata$_write_nolock       000000018001bca8     libucrt:write.obj
 0004:00000cb4       $pdata$_fcloseall          000000018001bcb4     libucrt:closeall.obj
 0004:00000cc0       $pdata$__acrt_stdio_free_buffer_nolock 000000018001bcc0     libucrt:_freebuf.obj
 0004:00000ccc       $pdata$_isatty             000000018001bccc     libucrt:isatty.obj
 0004:00000cd8       $pdata$?__mbrtowc_utf8@__crt_mbstring@@YA_KPEA_WPEBD_KPEAU_Mbstatet@@@Z 000000018001bcd8     libucrt:mbrtowc.obj
 0004:00000ce4       $pdata$?__mbsrtowcs_utf8@__crt_mbstring@@YA_KPEA_WPEAPEBD_KPEAU_Mbstatet@@@Z 000000018001bce4     libucrt:mbrtowc.obj
 0004:00000cf0       $pdata$?_wcstombs_l_helper@@YA_KPEADPEB_W_KPEAU__crt_locale_pointers@@@Z 000000018001bcf0     libucrt:wcstombs.obj
 0004:00000cfc       $pdata$??$common_lseek_nolock@_J@@YA_JH_JH@Z 000000018001bcfc     libucrt:lseek.obj
 0004:00000d08       $pdata$_putwch_nolock      000000018001bd08     libucrt:putwch.obj
 0004:00000d14       $pdata$_fclose_nolock      000000018001bd14     libucrt:fclose.obj
 0004:00000d20       $pdata$fclose              000000018001bd20     libucrt:fclose.obj
 0004:00000d2c       $pdata$?__mbrtoc32_utf8@__crt_mbstring@@YA_KPEA_UPEBD_KPEAU_Mbstatet@@@Z 000000018001bd2c     libucrt:mbrtoc32.obj
 0004:00000d44       $pdata$?__wcsrtombs_utf8@__crt_mbstring@@YA_KPEADPEAPEB_W_KPEAU_Mbstatet@@@Z 000000018001bd44     libucrt:wcrtomb.obj
 0004:00000d50       $pdata$__dcrt_lowio_ensure_console_output_initialized 000000018001bd50     libucrt:initcon.obj
 0004:00000d5c       $pdata$__dcrt_terminate_console_output 000000018001bd5c     libucrt:initcon.obj
 0004:00000d68       $pdata$__dcrt_write_console 000000018001bd68     libucrt:initcon.obj
 0004:00000d74       $pdata$??$?RV<lambda_751a882b2c74d4b022dec766aa51a29a>@@AEAV<lambda_628dfdc04ba53c8bfc02c9951375f3f5>@@V<lambda_f6c7be5f7998530c34de24c7437d6b54>@@@?$__crt_seh_guarded_call@H@@QEAAH$$QEAV<lambda_751a882b2c74d4b022dec766aa51a29a>@@AEAV<lambda_628dfdc04ba53c8bfc02c9951375f3f5>@@$$QEAV<lambda_f6c7be5f7998530c34de24c7437d6b54>@@@Z 000000018001bd74     libucrt:close.obj
 0004:00000d80       $pdata$_close              000000018001bd80     libucrt:close.obj
 0004:00000d8c       $pdata$_close_nolock       000000018001bd8c     libucrt:close.obj
 0004:00000d98       $pdata$_call_matherr       000000018001bd98     libucrt:libm_error.obj
 0004:00000da4       $pdata$_exception_enabled  000000018001bda4     libucrt:libm_error.obj
 0004:00000db0       $pdata$_handle_error       000000018001bdb0     libucrt:libm_error.obj
 0004:00000dbc       $pdata$__acrt_initialize_fma3 000000018001bdbc     libucrt:fma3_available.obj
 0004:00000dc8       $pdata$_log10_special      000000018001bdc8     libucrt:log_special.obj
 0004:00000dd4       $pdata$_log_special_common 000000018001bdd4     libucrt:log_special.obj
 0004:00000de0       $pdata$?__c16rtomb_utf8@__crt_mbstring@@YA_KPEAD_SPEAU_Mbstatet@@@Z 000000018001bde0     libucrt:c16rtomb.obj
 0004:00000df8       $pdata$_raise_exc          000000018001bdf8     libucrt:fpexcept.obj
 0004:00000e04       $pdata$_raise_exc_ex       000000018001be04     libucrt:fpexcept.obj
 0004:00000e10       $pdata$_set_errno_from_matherr 000000018001be10     libucrt:fpexcept.obj
 0004:00000e1c       $pdata$_clrfp              000000018001be1c     libucrt:fpctrl.obj
 0004:00000e28       $pdata$_ctrlfp             000000018001be28     libucrt:fpctrl.obj
 0004:00000e34       $pdata$_set_statfp         000000018001be34     libucrt:fpctrl.obj
 0004:00000e40       $pdata$_statfp             000000018001be40     libucrt:fpctrl.obj
 0004:00000e4c       $pdata$?__c32rtomb_utf8@__crt_mbstring@@YA_KPEAD_UPEAU_Mbstatet@@@Z 000000018001be4c     libucrt:c32rtomb.obj
 0004:00000e58       $pdata$?DloadAcquireSectionWriteAccess@@YAXXZ 000000018001be58     DelayImp:delayhlp.obj
 0004:00000e64       $pdata$?DloadGetSRWLockFunctionPointers@@YAEXZ 000000018001be64     DelayImp:delayhlp.obj
 0004:00000e70       $pdata$?DloadMakePermanentImageCommit@@YAXPEAX_K@Z 000000018001be70     DelayImp:delayhlp.obj
 0004:00000e7c       $pdata$?DloadObtainSection@@YAPEAXPEAK0@Z 000000018001be7c     DelayImp:delayhlp.obj
 0004:00000e88       $pdata$?DloadProtectSection@@YAXKPEAK@Z 000000018001be88     DelayImp:delayhlp.obj
 0004:00000e94       $pdata$?DloadReleaseSectionWriteAccess@@YAXXZ 000000018001be94     DelayImp:delayhlp.obj
 0004:00000ea0       $pdata$__delayLoadHelper2  000000018001bea0     DelayImp:delayhlp.obj
 0004:00000eac       $pdata$_IsNonwritableInCurrentImage 000000018001beac     LIBCMT:pesect.obj
 0004:00000eb8       $pdata$??_Gtype_info@@UEAAPEAXI@Z 000000018001beb8     LIBCMT:std_type_info_static.obj
 0004:00000ec4       $pdata$__GSHandlerCheck    000000018001bec4     LIBCMT:_gshandler_.obj
 0004:00000ed0       $pdata$__GSHandlerCheckCommon 000000018001bed0     LIBCMT:_gshandler_.obj
 0004:00000ee8       $pdata$__GSHandlerCheck_EH 000000018001bee8     LIBCMT:gshandlereh.obj
 0004:00000f0c       $pdata$?fin$0@?0??dllmain_crt_process_attach@@YAHQEAUHINSTANCE__@@QEAX@Z@4HA 000000018001bf0c     LIBCMT:dll_dllmain.obj
 0004:00000f18       $pdata$?fin$0@?0??dllmain_crt_process_detach@@YAH_N@Z@4HA 000000018001bf18     LIBCMT:dll_dllmain.obj
 0004:00000f24       $pdata$?filt$0@?0??dllmain_dispatch@@YAHQEAUHINSTANCE__@@KQEAX@Z@4HA 000000018001bf24     LIBCMT:dll_dllmain.obj
 0004:00000f30       $pdata$__scrt_is_nonwritable_in_current_image$filt$0 000000018001bf30     LIBCMT:utility.obj
 0004:00000f3c       $pdata$__DestructExceptionObject$filt$0 000000018001bf3c     libvcruntime:ehhelpers.obj
 0004:00000f48       $pdata$?filt$0@?0???$_CallSETranslator@V__FrameHandler3@@@@YAHPEAUEHExceptionRecord@@PEA_KPEAU_CONTEXT@@PEAU_xDISPATCHER_CONTEXT@@PEBU_s_FuncInfo@@K1@Z@4HA 000000018001bf48     libvcruntime:risctrnsctrl.obj
 0004:00000f54       $pdata$?filt$0@?0??CxxCallCatchBlock@__FrameHandler3@@SAPEAXPEAU_EXCEPTION_RECORD@@@Z@4HA 000000018001bf54     libvcruntime:frame.obj
 0004:00000f60       $pdata$?fin$1@?0??CxxCallCatchBlock@__FrameHandler3@@SAPEAXPEAU_EXCEPTION_RECORD@@@Z@4HA 000000018001bf60     libvcruntime:frame.obj
 0004:00000f6c       $pdata$?filt$0@?0??FrameUnwindToState@__FrameHandler3@@SAXPEA_KPEAU_xDISPATCHER_CONTEXT@@PEBU_s_FuncInfo@@H@Z@4HA 000000018001bf6c     libvcruntime:frame.obj
 0004:00000f78       $pdata$?fin$1@?0??FrameUnwindToState@__FrameHandler3@@SAXPEA_KPEAU_xDISPATCHER_CONTEXT@@PEBU_s_FuncInfo@@H@Z@4HA 000000018001bf78     libvcruntime:frame.obj
 0004:00000f84       $pdata$?fin$0@?0???$?RV<lambda_2d41944a1d46af3157314b8a01080d33>@@AEAV<lambda_8f455de75cd7d7f24b4096f044d8b9e6>@@V<lambda_aa500f224e6afead328df44964fe2772>@@@?$__crt_seh_guarded_call@X@@QEAAX$$QEAV<lambda_2d41944a1d46af3157314b8a01080d33>@@AEAV<lambda_8f455de75cd7d7f24b4096f044d8b9e6>@@$$QEAV<lambda_aa500f224e6afead328df44964fe2772>@@@Z@4HA 000000018001bf84     libucrt:per_thread_data.obj
 0004:00000f84       $pdata$?fin$0@?0???$?RV<lambda_450d765d439847d4c735a33c368b5fc0>@@AEAV<lambda_44731a7d0e6d81c3e6aa82d741081786>@@V<lambda_601a2a7da3b7a96e9554ac7215c4b07c>@@@?$__crt_seh_guarded_call@P6AXH@Z@@QEAAP6AXH@Z$$QEAV<lambda_450d765d439847d4c735a33c368b5fc0>@@AEAV<lambda_44731a7d0e6d81c3e6aa82d741081786>@@$$QEAV<lambda_601a2a7da3b7a96e9554ac7215c4b07c>@@@Z@4HA 000000018001bf84     libucrt:signal.obj
 0004:00000f84       $pdata$?fin$0@?0???$?RV<lambda_0ae27a3a962d80f24befdcbee591983d>@@AEAV<lambda_8d0ee55de4b1038c4002e0adecdf1839>@@V<lambda_dc504788e8f1664fe9b84e20bfb512f2>@@@?$__crt_seh_guarded_call@X@@QEAAX$$QEAV<lambda_0ae27a3a962d80f24befdcbee591983d>@@AEAV<lambda_8d0ee55de4b1038c4002e0adecdf1839>@@$$QEAV<lambda_dc504788e8f1664fe9b84e20bfb512f2>@@@Z@4HA 000000018001bf84     libucrt:per_thread_data.obj
 0004:00000f84       $pdata$?fin$0@?0???$?RV<lambda_efdfa57d1f175319df784efa44bb7b81>@@AEAV<lambda_5f0a4c1567f8adc6734073e5d1e1b35c>@@V<lambda_2e8a7d3640ea6ccb4c2413664c2db6fd>@@@?$__crt_seh_guarded_call@X@@QEAAX$$QEAV<lambda_efdfa57d1f175319df784efa44bb7b81>@@AEAV<lambda_5f0a4c1567f8adc6734073e5d1e1b35c>@@$$QEAV<lambda_2e8a7d3640ea6ccb4c2413664c2db6fd>@@@Z@4HA 000000018001bf84     libucrt:mbctype.obj
 0004:00000f84       $pdata$?fin$0@?0???$?RV<lambda_f2e299630e499de9f9a165e60fcd3db5>@@AEAV<lambda_2ae9d31cdba2644fcbeaf08da7c24588>@@V<lambda_40d01ff24d0e7b3814fdbdcee8eab3c7>@@@?$__crt_seh_guarded_call@X@@QEAAX$$QEAV<lambda_f2e299630e499de9f9a165e60fcd3db5>@@AEAV<lambda_2ae9d31cdba2644fcbeaf08da7c24588>@@$$QEAV<lambda_40d01ff24d0e7b3814fdbdcee8eab3c7>@@@Z@4HA 000000018001bf84     libucrt:per_thread_data.obj
 0004:00000f84       $pdata$?fin$0@?0???$?RV<lambda_aa87e3671a710a21b5dc78c0bdf72e11>@@AEAV<lambda_92619d2358a28f41a33ba319515a20b9>@@V<lambda_6992ecaafeb10aed2b74cb1fae11a551>@@@?$__crt_seh_guarded_call@X@@QEAAX$$QEAV<lambda_aa87e3671a710a21b5dc78c0bdf72e11>@@AEAV<lambda_92619d2358a28f41a33ba319515a20b9>@@$$QEAV<lambda_6992ecaafeb10aed2b74cb1fae11a551>@@@Z@4HA 000000018001bf84     libucrt:per_thread_data.obj
 0004:00000f84       $pdata$?fin$0@?0???$?RV<lambda_d80eeec6fff315bfe5c115232f3240e3>@@AEAV<lambda_6e4b09c48022b2350581041d5f6b0c4c>@@V<lambda_2358e3775559c9db80273638284d5e45>@@@?$__crt_seh_guarded_call@X@@QEAAX$$QEAV<lambda_d80eeec6fff315bfe5c115232f3240e3>@@AEAV<lambda_6e4b09c48022b2350581041d5f6b0c4c>@@$$QEAV<lambda_2358e3775559c9db80273638284d5e45>@@@Z@4HA 000000018001bf84     libucrt:exit.obj
 0004:00000f84       $pdata$?fin$0@?0???$?RV<lambda_7777bce6b2f8c936911f934f8298dc43>@@AEAV<lambda_f03950bc5685219e0bcd2087efbe011e>@@V<lambda_3883c3dff614d5e0c5f61bb1ac94921c>@@@?$__crt_seh_guarded_call@H@@QEAAH$$QEAV<lambda_7777bce6b2f8c936911f934f8298dc43>@@AEAV<lambda_f03950bc5685219e0bcd2087efbe011e>@@$$QEAV<lambda_3883c3dff614d5e0c5f61bb1ac94921c>@@@Z@4HA 000000018001bf84     libucrt:onexit.obj
 0004:00000f90       $pdata$?filt$0@?0???R<lambda_6e4b09c48022b2350581041d5f6b0c4c>@@QEBA@XZ@4HA 000000018001bf90     libucrt:exit.obj
 0004:00000f9c       $pdata$?fin$0@?0???$?RV<lambda_410d79af7f07d98d83a3f525b3859a53>@@AEAV<lambda_3e16ef9562a7dcce91392c22ab16ea36>@@V<lambda_38119f0e861e05405d8a144b9b982f0a>@@@?$__crt_seh_guarded_call@X@@QEAAX$$QEAV<lambda_410d79af7f07d98d83a3f525b3859a53>@@AEAV<lambda_3e16ef9562a7dcce91392c22ab16ea36>@@$$QEAV<lambda_38119f0e861e05405d8a144b9b982f0a>@@@Z@4HA 000000018001bf9c     libucrt:wsetlocale.obj
 0004:00000fa8       $pdata$?fin$0@?0??update_thread_multibyte_data_internal@@YAPEAU__crt_multibyte_data@@QEAU__acrt_ptd@@QEAPEAU1@@Z@4HA 000000018001bfa8     libucrt:mbctype.obj
 0004:00000fb4       $pdata$__acrt_lowio_ensure_fh_exists$fin$0 000000018001bfb4     libucrt:osfinfo.obj
 0004:00000fb4       $pdata$__acrt_initialize_lowio$fin$0 000000018001bfb4     libucrt:ioinit.obj
 0004:00000fc0       $pdata$_query_new_handler$fin$0 000000018001bfc0     libucrt:new_handler.obj
 0004:00000fcc       $pdata$raise$fin$0         000000018001bfcc     libucrt:signal.obj
 0004:00000fd8       $pdata$?fin$0@?0???$?RV<lambda_842d9ff0dc9ef11c61343bbaebe7f885>@@AEAV<lambda_c5860995281e5c4ce005b3de8f5874ee>@@V<lambda_d90129c13df834fdcbf8d2b88dafcf2d>@@@?$__crt_seh_guarded_call@X@@QEAAX$$QEAV<lambda_842d9ff0dc9ef11c61343bbaebe7f885>@@AEAV<lambda_c5860995281e5c4ce005b3de8f5874ee>@@$$QEAV<lambda_d90129c13df834fdcbf8d2b88dafcf2d>@@@Z@4HA 000000018001bfd8     libucrt:fflush.obj
 0004:00000fe4       $pdata$?fin$0@?0???$?RV<lambda_886d6c58226a84441f68b9f2b8217b83>@@AEAV<lambda_ab61a845afdef5b7c387490eaf3616ee>@@V<lambda_f7f22ab5edc0698d5f6905b0d3f44752>@@@?$__crt_seh_guarded_call@X@@QEAAX$$QEAV<lambda_886d6c58226a84441f68b9f2b8217b83>@@AEAV<lambda_ab61a845afdef5b7c387490eaf3616ee>@@$$QEAV<lambda_f7f22ab5edc0698d5f6905b0d3f44752>@@@Z@4HA 000000018001bfe4     libucrt:fflush.obj
 0004:00000ff0       $pdata$__acrt_update_thread_locale_data$fin$0 000000018001bff0     libucrt:locale_refcounting.obj
 0004:00000ffc       $pdata$?fin$0@?0???$?RV<lambda_751a882b2c74d4b022dec766aa51a29a>@@AEAV<lambda_628dfdc04ba53c8bfc02c9951375f3f5>@@V<lambda_f6c7be5f7998530c34de24c7437d6b54>@@@?$__crt_seh_guarded_call@H@@QEAAH$$QEAV<lambda_751a882b2c74d4b022dec766aa51a29a>@@AEAV<lambda_628dfdc04ba53c8bfc02c9951375f3f5>@@$$QEAV<lambda_f6c7be5f7998530c34de24c7437d6b54>@@@Z@4HA 000000018001bffc     libucrt:close.obj
 0004:00000ffc       $pdata$?fin$0@?0???$?RV<lambda_a37b2b86f63e897a80ea819b0eb08c01>@@AEAV<lambda_38ce7e780aa69e748d6df282ebc68efe>@@V<lambda_99fb1378e971ab6e7edea83e3a7a83a2>@@@?$__crt_seh_guarded_call@H@@QEAAH$$QEAV<lambda_a37b2b86f63e897a80ea819b0eb08c01>@@AEAV<lambda_38ce7e780aa69e748d6df282ebc68efe>@@$$QEAV<lambda_99fb1378e971ab6e7edea83e3a7a83a2>@@@Z@4HA 000000018001bffc     libucrt:commit.obj
 0004:00001008       $pdata$_write$fin$0        000000018001c008     libucrt:write.obj
 0004:00001014       $pdata$_fcloseall$fin$0    000000018001c014     libucrt:closeall.obj
 0004:00001020       $pdata$fclose$fin$0        000000018001c020     libucrt:fclose.obj
 0004:0000102c       $pdata$_ctrlfp$filt$0      000000018001c02c     libucrt:fpctrl.obj
 0004:00001038       $pdata$_IsNonwritableInCurrentImage$filt$0 000000018001c038     LIBCMT:pesect.obj
 0005:00000060       $R000000                   000000018001d060     * linker generated manifest res *

 Exports

  ordinal    name

        1    _register_callback_addon_
